Archive member included to satisfy reference by file (symbol)

C:/Users/ainonkaka/STM32CubeIDE_1.17.0/STM32CubeIDE/plugins/com.st.stm32cube.ide.mcu.externaltools.gnu-tools-for-stm32.12.3.rel1.win32_1.1.0.202410251130/tools/bin/../lib/gcc/arm-none-eabi/12.3.1/../../../../arm-none-eabi/lib/thumb/v7e-m+fp/hard\libc_nano.a(libc_a-exit.o)
                              C:/Users/ainonkaka/STM32CubeIDE_1.17.0/STM32CubeIDE/plugins/com.st.stm32cube.ide.mcu.externaltools.gnu-tools-for-stm32.12.3.rel1.win32_1.1.0.202410251130/tools/bin/../lib/gcc/arm-none-eabi/12.3.1/../../../../arm-none-eabi/lib/thumb/v7e-m+fp/hard/crt0.o (exit)
C:/Users/ainonkaka/STM32CubeIDE_1.17.0/STM32CubeIDE/plugins/com.st.stm32cube.ide.mcu.externaltools.gnu-tools-for-stm32.12.3.rel1.win32_1.1.0.202410251130/tools/bin/../lib/gcc/arm-none-eabi/12.3.1/../../../../arm-none-eabi/lib/thumb/v7e-m+fp/hard\libc_nano.a(libc_a-findfp.o)
                              C:/Users/ainonkaka/STM32CubeIDE_1.17.0/STM32CubeIDE/plugins/com.st.stm32cube.ide.mcu.externaltools.gnu-tools-for-stm32.12.3.rel1.win32_1.1.0.202410251130/tools/bin/../lib/gcc/arm-none-eabi/12.3.1/../../../../arm-none-eabi/lib/thumb/v7e-m+fp/hard\libc_nano.a(libc_a-exit.o) (__stdio_exit_handler)
C:/Users/ainonkaka/STM32CubeIDE_1.17.0/STM32CubeIDE/plugins/com.st.stm32cube.ide.mcu.externaltools.gnu-tools-for-stm32.12.3.rel1.win32_1.1.0.202410251130/tools/bin/../lib/gcc/arm-none-eabi/12.3.1/../../../../arm-none-eabi/lib/thumb/v7e-m+fp/hard\libc_nano.a(libc_a-fwalk.o)
                              C:/Users/ainonkaka/STM32CubeIDE_1.17.0/STM32CubeIDE/plugins/com.st.stm32cube.ide.mcu.externaltools.gnu-tools-for-stm32.12.3.rel1.win32_1.1.0.202410251130/tools/bin/../lib/gcc/arm-none-eabi/12.3.1/../../../../arm-none-eabi/lib/thumb/v7e-m+fp/hard\libc_nano.a(libc_a-findfp.o) (_fwalk_sglue)
C:/Users/ainonkaka/STM32CubeIDE_1.17.0/STM32CubeIDE/plugins/com.st.stm32cube.ide.mcu.externaltools.gnu-tools-for-stm32.12.3.rel1.win32_1.1.0.202410251130/tools/bin/../lib/gcc/arm-none-eabi/12.3.1/../../../../arm-none-eabi/lib/thumb/v7e-m+fp/hard\libc_nano.a(libc_a-snprintf.o)
                              ./Core/Src/main.o (snprintf)
C:/Users/ainonkaka/STM32CubeIDE_1.17.0/STM32CubeIDE/plugins/com.st.stm32cube.ide.mcu.externaltools.gnu-tools-for-stm32.12.3.rel1.win32_1.1.0.202410251130/tools/bin/../lib/gcc/arm-none-eabi/12.3.1/../../../../arm-none-eabi/lib/thumb/v7e-m+fp/hard\libc_nano.a(libc_a-sprintf.o)
                              ./Core/Src/main.o (sprintf)
C:/Users/ainonkaka/STM32CubeIDE_1.17.0/STM32CubeIDE/plugins/com.st.stm32cube.ide.mcu.externaltools.gnu-tools-for-stm32.12.3.rel1.win32_1.1.0.202410251130/tools/bin/../lib/gcc/arm-none-eabi/12.3.1/../../../../arm-none-eabi/lib/thumb/v7e-m+fp/hard\libc_nano.a(libc_a-stdio.o)
                              C:/Users/ainonkaka/STM32CubeIDE_1.17.0/STM32CubeIDE/plugins/com.st.stm32cube.ide.mcu.externaltools.gnu-tools-for-stm32.12.3.rel1.win32_1.1.0.202410251130/tools/bin/../lib/gcc/arm-none-eabi/12.3.1/../../../../arm-none-eabi/lib/thumb/v7e-m+fp/hard\libc_nano.a(libc_a-findfp.o) (__sread)
C:/Users/ainonkaka/STM32CubeIDE_1.17.0/STM32CubeIDE/plugins/com.st.stm32cube.ide.mcu.externaltools.gnu-tools-for-stm32.12.3.rel1.win32_1.1.0.202410251130/tools/bin/../lib/gcc/arm-none-eabi/12.3.1/../../../../arm-none-eabi/lib/thumb/v7e-m+fp/hard\libc_nano.a(libc_a-memset.o)
                              C:/Users/ainonkaka/STM32CubeIDE_1.17.0/STM32CubeIDE/plugins/com.st.stm32cube.ide.mcu.externaltools.gnu-tools-for-stm32.12.3.rel1.win32_1.1.0.202410251130/tools/bin/../lib/gcc/arm-none-eabi/12.3.1/../../../../arm-none-eabi/lib/thumb/v7e-m+fp/hard/crt0.o (memset)
C:/Users/ainonkaka/STM32CubeIDE_1.17.0/STM32CubeIDE/plugins/com.st.stm32cube.ide.mcu.externaltools.gnu-tools-for-stm32.12.3.rel1.win32_1.1.0.202410251130/tools/bin/../lib/gcc/arm-none-eabi/12.3.1/../../../../arm-none-eabi/lib/thumb/v7e-m+fp/hard\libc_nano.a(libc_a-closer.o)
                              C:/Users/ainonkaka/STM32CubeIDE_1.17.0/STM32CubeIDE/plugins/com.st.stm32cube.ide.mcu.externaltools.gnu-tools-for-stm32.12.3.rel1.win32_1.1.0.202410251130/tools/bin/../lib/gcc/arm-none-eabi/12.3.1/../../../../arm-none-eabi/lib/thumb/v7e-m+fp/hard\libc_nano.a(libc_a-stdio.o) (_close_r)
C:/Users/ainonkaka/STM32CubeIDE_1.17.0/STM32CubeIDE/plugins/com.st.stm32cube.ide.mcu.externaltools.gnu-tools-for-stm32.12.3.rel1.win32_1.1.0.202410251130/tools/bin/../lib/gcc/arm-none-eabi/12.3.1/../../../../arm-none-eabi/lib/thumb/v7e-m+fp/hard\libc_nano.a(libc_a-reent.o)
                              C:/Users/ainonkaka/STM32CubeIDE_1.17.0/STM32CubeIDE/plugins/com.st.stm32cube.ide.mcu.externaltools.gnu-tools-for-stm32.12.3.rel1.win32_1.1.0.202410251130/tools/bin/../lib/gcc/arm-none-eabi/12.3.1/../../../../arm-none-eabi/lib/thumb/v7e-m+fp/hard\libc_nano.a(libc_a-closer.o) (errno)
[...]
Memory Configuration

Name             Origin             Length             Attributes
CCMRAM           0x10000000         0x00010000         xrw
RAM              0x20000000         0x00020000         xrw
FLASH            0x08000000         0x00100000         xr
*default*        0x00000000         0xffffffff

Linker script and memory map

LOAD C:/Users/ainonkaka/STM32CubeIDE_1.17.0/STM32CubeIDE/plugins/com.st.stm32cube.ide.mcu.externaltools.gnu-tools-for-stm32.12.3.rel1.win32_1.1.0.202410251130/tools/bin/../lib/gcc/arm-none-eabi/12.3.1/thumb/v7e-m+fp/hard/crti.o
LOAD C:/Users/ainonkaka/STM32CubeIDE_1.17.0/STM32CubeIDE/plugins/com.st.stm32cube.ide.mcu.externaltools.gnu-tools-for-stm32.12.3.rel1.win32_1.1.0.202410251130/tools/bin/../lib/gcc/arm-none-eabi/12.3.1/thumb/v7e-m+fp/hard/crtbegin.o
LOAD C:/Users/ainonkaka/STM32CubeIDE_1.17.0/STM32CubeIDE/plugins/com.st.stm32cube.ide.mcu.externaltools.gnu-tools-for-stm32.12.3.rel1.win32_1.1.0.202410251130/tools/bin/../lib/gcc/arm-none-eabi/12.3.1/../../../../arm-none-eabi/lib/thumb/v7e-m+fp/hard/crt0.o
LOAD ./Core/Src/dht11.o
LOAD ./Core/Src/liquidcrystal_i2c.o
LOAD ./Core/Src/main.o
LOAD ./Core/Src/stm32f4xx_hal_msp.o
LOAD ./Core/Src/stm32f4xx_hal_timebase_tim.o
LOAD ./Core/Src/stm32f4xx_it.o
LOAD ./Core/Src/syscalls.o
LOAD ./Core/Src/sysmem.o
LOAD ./Core/Src/system_stm32f4xx.o
LOAD ./Core/Startup/startup_stm32f407vgtx.o
LOAD ./Drivers/STM32F4xx_HAL_Driver/Src/stm32f4xx_hal.o
LOAD ./Drivers/STM32F4xx_HAL_Driver/Src/stm32f4xx_hal_cortex.o
LOAD ./Drivers/STM32F4xx_HAL_Driver/Src/stm32f4xx_hal_dma.o
LOAD ./Drivers/STM32F4xx_HAL_Driver/Src/stm32f4xx_hal_dma_ex.o
LOAD ./Drivers/STM32F4xx_HAL_Driver/Src/stm32f4xx_hal_exti.o
LOAD ./Drivers/STM32F4xx_HAL_Driver/Src/stm32f4xx_hal_flash.o
LOAD ./Drivers/STM32F4xx_HAL_Driver/Src/stm32f4xx_hal_flash_ex.o
LOAD ./Drivers/STM32F4xx_HAL_Driver/Src/stm32f4xx_hal_flash_ramfunc.o
LOAD ./Drivers/STM32F4xx_HAL_Driver/Src/stm32f4xx_hal_gpio.o
LOAD ./Drivers/STM32F4xx_HAL_Driver/Src/stm32f4xx_hal_i2c.o
LOAD ./Drivers/STM32F4xx_HAL_Driver/Src/stm32f4xx_hal_i2c_ex.o
LOAD ./Drivers/STM32F4xx_HAL_Driver/Src/stm32f4xx_hal_pwr.o
LOAD ./Drivers/STM32F4xx_HAL_Driver/Src/stm32f4xx_hal_pwr_ex.o
LOAD ./Drivers/STM32F4xx_HAL_Driver/Src/stm32f4xx_hal_rcc.o
LOAD ./Drivers/STM32F4xx_HAL_Driver/Src/stm32f4xx_hal_rcc_ex.o
LOAD ./Drivers/STM32F4xx_HAL_Driver/Src/stm32f4xx_hal_tim.o
LOAD ./Drivers/STM32F4xx_HAL_Driver/Src/stm32f4xx_hal_tim_ex.o
LOAD ./Drivers/STM32F4xx_HAL_Driver/Src/stm32f4xx_hal_uart.o
LOAD ./FreeRTOS/croutine.o
LOAD ./FreeRTOS/event_groups.o
LOAD ./FreeRTOS/list.o
LOAD ./FreeRTOS/queue.o
LOAD ./FreeRTOS/stream_buffer.o
LOAD ./FreeRTOS/tasks.o
LOAD ./FreeRTOS/timers.o
LOAD ./FreeRTOS/portable/ARM_CM4F/port.o
LOAD ./FreeRTOS/portable/MemMang/heap_4.o
START GROUP
LOAD C:/Users/ainonkaka/STM32CubeIDE_1.17.0/STM32CubeIDE/plugins/com.st.stm32cube.ide.mcu.externaltools.gnu-tools-for-stm32.12.3.rel1.win32_1.1.0.202410251130/tools/bin/../lib/gcc/arm-none-eabi/12.3.1/../../../../arm-none-eabi/lib/thumb/v7e-m+fp/hard\libc_nano.a
LOAD C:/Users/ainonkaka/STM32CubeIDE_1.17.0/STM32CubeIDE/plugins/com.st.stm32cube.ide.mcu.externaltools.gnu-tools-for-stm32.12.3.rel1.win32_1.1.0.202410251130/tools/bin/../lib/gcc/arm-none-eabi/12.3.1/../../../../arm-none-eabi/lib/thumb/v7e-m+fp/hard\libm.a
END GROUP
START GROUP
LOAD C:/Users/ainonkaka/STM32CubeIDE_1.17.0/STM32CubeIDE/plugins/com.st.stm32cube.ide.mcu.externaltools.gnu-tools-for-stm32.12.3.rel1.win32_1.1.0.202410251130/tools/bin/../lib/gcc/arm-none-eabi/12.3.1/thumb/v7e-m+fp/hard\libgcc.a
LOAD C:/Users/ainonkaka/STM32CubeIDE_1.17.0/STM32CubeIDE/plugins/com.st.stm32cube.ide.mcu.externaltools.gnu-tools-for-stm32.12.3.rel1.win32_1.1.0.202410251130/tools/bin/../lib/gcc/arm-none-eabi/12.3.1/../../../../arm-none-eabi/lib/thumb/v7e-m+fp/hard\libc_nano.a
END GROUP
START GROUP
LOAD C:/Users/ainonkaka/STM32CubeIDE_1.17.0/STM32CubeIDE/plugins/com.st.stm32cube.ide.mcu.externaltools.gnu-tools-for-stm32.12.3.rel1.win32_1.1.0.202410251130/tools/bin/../lib/gcc/arm-none-eabi/12.3.1/thumb/v7e-m+fp/hard\libgcc.a
LOAD C:/Users/ainonkaka/STM32CubeIDE_1.17.0/STM32CubeIDE/plugins/com.st.stm32cube.ide.mcu.externaltools.gnu-tools-for-stm32.12.3.rel1.win32_1.1.0.202410251130/tools/bin/../lib/gcc/arm-none-eabi/12.3.1/../../../../arm-none-eabi/lib/thumb/v7e-m+fp/hard\libc_nano.a
LOAD C:/Users/ainonkaka/STM32CubeIDE_1.17.0/STM32CubeIDE/plugins/com.st.stm32cube.ide.mcu.externaltools.gnu-tools-for-stm32.12.3.rel1.win32_1.1.0.202410251130/tools/bin/../lib/gcc/arm-none-eabi/12.3.1/../../../../arm-none-eabi/lib/thumb/v7e-m+fp/hard\libnosys.a
END GROUP
START GROUP
LOAD C:/Users/ainonkaka/STM32CubeIDE_1.17.0/STM32CubeIDE/plugins/com.st.stm32cube.ide.mcu.externaltools.gnu-tools-for-stm32.12.3.rel1.win32_1.1.0.202410251130/tools/bin/../lib/gcc/arm-none-eabi/12.3.1/thumb/v7e-m+fp/hard\libgcc.a
LOAD C:/Users/ainonkaka/STM32CubeIDE_1.17.0/STM32CubeIDE/plugins/com.st.stm32cube.ide.mcu.externaltools.gnu-tools-for-stm32.12.3.rel1.win32_1.1.0.202410251130/tools/bin/../lib/gcc/arm-none-eabi/12.3.1/../../../../arm-none-eabi/lib/thumb/v7e-m+fp/hard\libc_nano.a
LOAD C:/Users/ainonkaka/STM32CubeIDE_1.17.0/STM32CubeIDE/plugins/com.st.stm32cube.ide.mcu.externaltools.gnu-tools-for-stm32.12.3.rel1.win32_1.1.0.202410251130/tools/bin/../lib/gcc/arm-none-eabi/12.3.1/../../../../arm-none-eabi/lib/thumb/v7e-m+fp/hard\libnosys.a
END GROUP
LOAD C:/Users/ainonkaka/STM32CubeIDE_1.17.0/STM32CubeIDE/plugins/com.st.stm32cube.ide.mcu.externaltools.gnu-tools-for-stm32.12.3.rel1.win32_1.1.0.202410251130/tools/bin/../lib/gcc/arm-none-eabi/12.3.1/thumb/v7e-m+fp/hard/crtend.o
LOAD C:/Users/ainonkaka/STM32CubeIDE_1.17.0/STM32CubeIDE/plugins/com.st.stm32cube.ide.mcu.externaltools.gnu-tools-for-stm32.12.3.rel1.win32_1.1.0.202410251130/tools/bin/../lib/gcc/arm-none-eabi/12.3.1/thumb/v7e-m+fp/hard/crtn.o
                0x20020000                        _estack = (ORIGIN (RAM) + LENGTH (RAM))
                0x00000200                        _Min_Heap_Size = 0x200
                0x00000400                        _Min_Stack_Size = 0x400

.isr_vector     0x08000000      0x188
                0x08000000                        . = ALIGN (0x4)
 *(.isr_vector)
 .isr_vector    0x08000000      0x188 ./Core/Startup/startup_stm32f407vgtx.o
                0x08000000                g_pfnVectors
                0x08000188                        . = ALIGN (0x4)

.text           0x08000190     0x727c
                0x08000190                        . = ALIGN (0x4)
 *(.text)
 .text          0x08000190       0x40 C:/Users/ainonkaka/STM32CubeIDE_1.17.0/STM32CubeIDE/plugins/com.st.stm32cube.ide.mcu.externaltools.gnu-tools-for-stm32.12.3.rel1.win32_1.1.0.202410251130/tools/bin/../lib/gcc/arm-none-eabi/12.3.1/thumb/v7e-m+fp/hard/crtbegin.o
 .text          0x080001d0       0xa0 C:/Users/ainonkaka/STM32CubeIDE_1.17.0/STM32CubeIDE/plugins/com.st.stm32cube.ide.mcu.externaltools.gnu-tools-for-stm32.12.3.rel1.win32_1.1.0.202410251130/tools/bin/../lib/gcc/arm-none-eabi/12.3.1/../../../../arm-none-eabi/lib/thumb/v7e-m+fp/hard\libc_nano.a(libc_a-memchr.o)
                0x080001d0                memchr
 .text          0x08000270       0x30 C:/Users/ainonkaka/STM32CubeIDE_1.17.0/STM32CubeIDE/plugins/com.st.stm32cube.ide.mcu.externaltools.gnu-tools-for-stm32.12.3.rel1.win32_1.1.0.202410251130/tools/bin/../lib/gcc/arm-none-eabi/12.3.1/thumb/v7e-m+fp/hard\libgcc.a(_aeabi_uldivmod.o)
                0x08000270                __aeabi_uldivmod
 .text          0x080002a0      0x2bc C:/Users/ainonkaka/STM32CubeIDE_1.17.0/STM32CubeIDE/plugins/com.st.stm32cube.ide.mcu.externaltools.gnu-tools-for-stm32.12.3.rel1.win32_1.1.0.202410251130/tools/bin/../lib/gcc/arm-none-eabi/12.3.1/thumb/v7e-m+fp/hard\libgcc.a(_udivmoddi4.o)
                0x080002a0                __udivmoddi4
 .text          0x0800055c        0x4 C:/Users/ainonkaka/STM32CubeIDE_1.17.0/STM32CubeIDE/plugins/com.st.stm32cube.ide.mcu.externaltools.gnu-tools-for-stm32.12.3.rel1.win32_1.1.0.202410251130/tools/bin/../lib/gcc/arm-none-eabi/12.3.1/thumb/v7e-m+fp/hard\libgcc.a(_dvmd_tls.o)
                0x0800055c                __aeabi_idiv0
                0x0800055c                __aeabi_ldiv0
 *(.text*)
 .text.DHT11_Start
                0x08000560       0x40 ./Core/Src/dht11.o
                0x08000560                DHT11_Start
 .text.DHT11_Check_Response
                0x080005a0       0x5c ./Core/Src/dht11.o
                0x080005a0                DHT11_Check_Response
 .text.DHT11_Read
                0x080005fc       0x94 ./Core/Src/dht11.o
                0x080005fc                DHT11_Read
 .text.DHT11_Read_Data
                0x08000690       0xb8 ./Core/Src/dht11.o
                0x08000690                DHT11_Read_Data
 .text.delay    0x08000748       0x38 ./Core/Src/dht11.o
                0x08000748                delay
 .text.Set_Pin_Output
                0x08000780       0x40 ./Core/Src/dht11.o
                0x08000780                Set_Pin_Output
 .text.Set_Pin_Input
                0x080007c0       0x40 ./Core/Src/dht11.o
                0x080007c0                Set_Pin_Input
 .text.HD44780_Init
                0x08000800      0x108 ./Core/Src/liquidcrystal_i2c.o
                0x08000800                HD44780_Init
 .text.HD44780_Clear
                0x08000908       0x16 ./Core/Src/liquidcrystal_i2c.o
                0x08000908                HD44780_Clear
 .text.HD44780_Home
                0x0800091e       0x16 ./Core/Src/liquidcrystal_i2c.o
                0x0800091e                HD44780_Home
 .text.HD44780_SetCursor
                0x08000934       0x64 ./Core/Src/liquidcrystal_i2c.o
                0x08000934                HD44780_SetCursor
 .text.HD44780_Display
                0x08000998       0x2c ./Core/Src/liquidcrystal_i2c.o
                0x08000998                HD44780_Display
 .text.HD44780_CreateSpecialChar
                0x080009c4       0x52 ./Core/Src/liquidcrystal_i2c.o
                0x080009c4                HD44780_CreateSpecialChar
 .text.HD44780_PrintStr
                0x08000a16       0x2a ./Core/Src/liquidcrystal_i2c.o
                0x08000a16                HD44780_PrintStr
 .text.HD44780_Backlight
                0x08000a40       0x18 ./Core/Src/liquidcrystal_i2c.o
                0x08000a40                HD44780_Backlight
 .text.SendCommand
                0x08000a58       0x1c ./Core/Src/liquidcrystal_i2c.o
 .text.SendChar
                0x08000a74       0x1c ./Core/Src/liquidcrystal_i2c.o
 .text.Send     0x08000a90       0x42 ./Core/Src/liquidcrystal_i2c.o
 .text.Write4Bits
                0x08000ad2       0x22 ./Core/Src/liquidcrystal_i2c.o
 .text.ExpanderWrite
                0x08000af4       0x38 ./Core/Src/liquidcrystal_i2c.o
 .text.PulseEnable
                0x08000b2c       0x3a ./Core/Src/liquidcrystal_i2c.o
 *fill*         0x08000b66        0x2 
 .text.DelayInit
                0x08000b68       0x54 ./Core/Src/liquidcrystal_i2c.o
 .text.DelayUS  0x08000bbc       0x50 ./Core/Src/liquidcrystal_i2c.o
 .text.main     0x08000c0c      0x184 ./Core/Src/main.o
                0x08000c0c                main
 .text.SystemClock_Config
                0x08000d90       0xd0 ./Core/Src/main.o
                0x08000d90                SystemClock_Config
 .text.MX_I2C1_Init
                0x08000e60       0x5c ./Core/Src/main.o
 .text.MX_TIM6_Init
                0x08000ebc       0x6c ./Core/Src/main.o
 .text.MX_USART2_UART_Init
                0x08000f28       0x54 ./Core/Src/main.o
 .text.MX_GPIO_Init
                0x08000f7c       0xec ./Core/Src/main.o
 .text.DHT11Task
                0x08001068       0xa4 ./Core/Src/main.o
                0x08001068                DHT11Task
 .text.LCDTask  0x0800110c       0x84 ./Core/Src/main.o
                0x0800110c                LCDTask
 .text.UARTTask
                0x08001190       0x74 ./Core/Src/main.o
                0x08001190                UARTTask
 .text.AlertTask
                0x08001204       0x84 ./Core/Src/main.o
                0x08001204                AlertTask
 .text.HAL_TIM_PeriodElapsedCallback
                0x08001288       0x24 ./Core/Src/main.o
                0x08001288                HAL_TIM_PeriodElapsedCallback
 .text.Error_Handler
                0x080012ac        0xc ./Core/Src/main.o
                0x080012ac                Error_Handler
 .text.HAL_MspInit
                0x080012b8       0x50 ./Core/Src/stm32f4xx_hal_msp.o
                0x080012b8                HAL_MspInit
 .text.HAL_I2C_MspInit
                0x08001308       0x90 ./Core/Src/stm32f4xx_hal_msp.o
                0x08001308                HAL_I2C_MspInit
 .text.HAL_TIM_Base_MspInit
                0x08001398       0x44 ./Core/Src/stm32f4xx_hal_msp.o
                0x08001398                HAL_TIM_Base_MspInit
 .text.HAL_UART_MspInit
                0x080013dc       0x90 ./Core/Src/stm32f4xx_hal_msp.o
                0x080013dc                HAL_UART_MspInit
 .text.HAL_InitTick
                0x0800146c       0xf8 ./Core/Src/stm32f4xx_hal_timebase_tim.o
                0x0800146c                HAL_InitTick
 .text.NMI_Handler
                0x08001564        0x8 ./Core/Src/stm32f4xx_it.o
                0x08001564                NMI_Handler
 .text.HardFault_Handler
                0x0800156c        0x8 ./Core/Src/stm32f4xx_it.o
                0x0800156c                HardFault_Handler
 .text.MemManage_Handler
                0x08001574        0x8 ./Core/Src/stm32f4xx_it.o
                0x08001574                MemManage_Handler
 .text.BusFault_Handler
                0x0800157c        0x8 ./Core/Src/stm32f4xx_it.o
                0x0800157c                BusFault_Handler
 .text.UsageFault_Handler
                0x08001584        0x8 ./Core/Src/stm32f4xx_it.o
                0x08001584                UsageFault_Handler
 .text.DebugMon_Handler
                0x0800158c        0xe ./Core/Src/stm32f4xx_it.o
                0x0800158c                DebugMon_Handler
 *fill*         0x0800159a        0x2 
 .text.TIM7_IRQHandler
                0x0800159c       0x14 ./Core/Src/stm32f4xx_it.o
                0x0800159c                TIM7_IRQHandler
 .text._sbrk    0x080015b0       0x6c ./Core/Src/sysmem.o
                0x080015b0                _sbrk
 .text.SystemInit
                0x0800161c       0x24 ./Core/Src/system_stm32f4xx.o
                0x0800161c                SystemInit
 .text.Reset_Handler
                0x08001640       0x50 ./Core/Startup/startup_stm32f407vgtx.o
                0x08001640                Reset_Handler
 .text.Default_Handler
                0x08001690        0x2 ./Core/Startup/startup_stm32f407vgtx.o
                0x08001690                RTC_Alarm_IRQHandler
                0x08001690                HASH_RNG_IRQHandler
                0x08001690                EXTI2_IRQHandler
                0x08001690                TIM8_CC_IRQHandler
                0x08001690                TIM1_CC_IRQHandler
                0x08001690                DMA2_Stream5_IRQHandler
                0x08001690                DMA1_Stream5_IRQHandler
                0x08001690                PVD_IRQHandler
                0x08001690                SDIO_IRQHandler
                0x08001690                TAMP_STAMP_IRQHandler
                0x08001690                CAN2_RX1_IRQHandler
                0x08001690                EXTI3_IRQHandler
                0x08001690                TIM8_TRG_COM_TIM14_IRQHandler
                0x08001690                TIM1_UP_TIM10_IRQHandler
                0x08001690                TIM8_UP_TIM13_IRQHandler
                0x08001690                I2C3_ER_IRQHandler
                0x08001690                EXTI0_IRQHandler
                0x08001690                I2C2_EV_IRQHandler
                0x08001690                DMA1_Stream2_IRQHandler
                0x08001690                CAN1_RX0_IRQHandler
                0x08001690                FPU_IRQHandler
                0x08001690                OTG_HS_WKUP_IRQHandler
                0x08001690                CAN2_SCE_IRQHandler
                0x08001690                DMA2_Stream2_IRQHandler
                0x08001690                SPI1_IRQHandler
                0x08001690                TIM6_DAC_IRQHandler
                0x08001690                TIM1_BRK_TIM9_IRQHandler
                0x08001690                DCMI_IRQHandler
                0x08001690                CAN2_RX0_IRQHandler
                0x08001690                DMA2_Stream3_IRQHandler
                0x08001690                USART6_IRQHandler
                0x08001690                USART3_IRQHandler
                0x08001690                CAN1_RX1_IRQHandler
                0x08001690                UART5_IRQHandler
                0x08001690                DMA2_Stream0_IRQHandler
                0x08001690                TIM4_IRQHandler
                0x08001690                I2C1_EV_IRQHandler
                0x08001690                DMA1_Stream6_IRQHandler
                0x08001690                DMA1_Stream1_IRQHandler
                0x08001690                UART4_IRQHandler
                0x08001690                TIM3_IRQHandler
                0x08001690                RCC_IRQHandler
                0x08001690                TIM8_BRK_TIM12_IRQHandler
                0x08001690                Default_Handler
                0x08001690                EXTI15_10_IRQHandler
                0x08001690                ADC_IRQHandler
                0x08001690                DMA1_Stream7_IRQHandler
                0x08001690                CAN2_TX_IRQHandler
                0x08001690                TIM5_IRQHandler
                0x08001690                DMA2_Stream7_IRQHandler
                0x08001690                I2C3_EV_IRQHandler
                0x08001690                EXTI9_5_IRQHandler
                0x08001690                RTC_WKUP_IRQHandler
                0x08001690                ETH_WKUP_IRQHandler
                0x08001690                SPI2_IRQHandler
                0x08001690                OTG_HS_EP1_IN_IRQHandler
                0x08001690                DMA1_Stream0_IRQHandler
                0x08001690                CAN1_TX_IRQHandler
                0x08001690                EXTI4_IRQHandler
                0x08001690                FSMC_IRQHandler
                0x08001690                ETH_IRQHandler
                0x08001690                OTG_HS_EP1_OUT_IRQHandler
                0x08001690                WWDG_IRQHandler
                0x08001690                TIM2_IRQHandler
                0x08001690                OTG_FS_WKUP_IRQHandler
                0x08001690                TIM1_TRG_COM_TIM11_IRQHandler
                0x08001690                OTG_HS_IRQHandler
                0x08001690                EXTI1_IRQHandler
                0x08001690                USART2_IRQHandler
                0x08001690                I2C2_ER_IRQHandler
                0x08001690                DMA2_Stream1_IRQHandler
                0x08001690                CAN1_SCE_IRQHandler
                0x08001690                FLASH_IRQHandler
                0x08001690                DMA2_Stream4_IRQHandler
                0x08001690                USART1_IRQHandler
                0x08001690                OTG_FS_IRQHandler
                0x08001690                SPI3_IRQHandler
                0x08001690                DMA1_Stream4_IRQHandler
                0x08001690                I2C1_ER_IRQHandler
                0x08001690                DMA2_Stream6_IRQHandler
                0x08001690                DMA1_Stream3_IRQHandler
 *fill*         0x08001692        0x2 
 .text.HAL_Init
                0x08001694       0x44 ./Drivers/STM32F4xx_HAL_Driver/Src/stm32f4xx_hal.o
                0x08001694                HAL_Init
 .text.HAL_IncTick
                0x080016d8       0x28 ./Drivers/STM32F4xx_HAL_Driver/Src/stm32f4xx_hal.o
                0x080016d8                HAL_IncTick
 .text.HAL_GetTick
                0x08001700       0x18 ./Drivers/STM32F4xx_HAL_Driver/Src/stm32f4xx_hal.o
                0x08001700                HAL_GetTick
 .text.HAL_Delay
                0x08001718       0x48 ./Drivers/STM32F4xx_HAL_Driver/Src/stm32f4xx_hal.o
                0x08001718                HAL_Delay
 .text.__NVIC_SetPriorityGrouping
                0x08001760       0x48 ./Drivers/STM32F4xx_HAL_Driver/Src/stm32f4xx_hal_cortex.o
 .text.__NVIC_GetPriorityGrouping
                0x080017a8       0x1c ./Drivers/STM32F4xx_HAL_Driver/Src/stm32f4xx_hal_cortex.o
 .text.__NVIC_EnableIRQ
                0x080017c4       0x3c ./Drivers/STM32F4xx_HAL_Driver/Src/stm32f4xx_hal_cortex.o
 .text.__NVIC_SetPriority
                0x08001800       0x54 ./Drivers/STM32F4xx_HAL_Driver/Src/stm32f4xx_hal_cortex.o
 .text.NVIC_EncodePriority
                0x08001854       0x66 ./Drivers/STM32F4xx_HAL_Driver/Src/stm32f4xx_hal_cortex.o
 .text.HAL_NVIC_SetPriorityGrouping
                0x080018ba       0x16 ./Drivers/STM32F4xx_HAL_Driver/Src/stm32f4xx_hal_cortex.o
                0x080018ba                HAL_NVIC_SetPriorityGrouping
 .text.HAL_NVIC_SetPriority
                0x080018d0       0x38 ./Drivers/STM32F4xx_HAL_Driver/Src/stm32f4xx_hal_cortex.o
                0x080018d0                HAL_NVIC_SetPriority
 .text.HAL_NVIC_EnableIRQ
                0x08001908       0x1c ./Drivers/STM32F4xx_HAL_Driver/Src/stm32f4xx_hal_cortex.o
                0x08001908                HAL_NVIC_EnableIRQ
 .text.HAL_GPIO_Init
                0x08001924      0x338 ./Drivers/STM32F4xx_HAL_Driver/Src/stm32f4xx_hal_gpio.o
                0x08001924                HAL_GPIO_Init
 .text.HAL_GPIO_ReadPin
                0x08001c5c       0x30 ./Drivers/STM32F4xx_HAL_Driver/Src/stm32f4xx_hal_gpio.o
                0x08001c5c                HAL_GPIO_ReadPin
 .text.HAL_GPIO_WritePin
                0x08001c8c       0x32 ./Drivers/STM32F4xx_HAL_Driver/Src/stm32f4xx_hal_gpio.o
                0x08001c8c                HAL_GPIO_WritePin
 *fill*         0x08001cbe        0x2 
 .text.HAL_I2C_Init
                0x08001cc0      0x288 ./Drivers/STM32F4xx_HAL_Driver/Src/stm32f4xx_hal_i2c.o
                0x08001cc0                HAL_I2C_Init
 .text.HAL_I2C_Master_Transmit
                0x08001f48      0x1fc ./Drivers/STM32F4xx_HAL_Driver/Src/stm32f4xx_hal_i2c.o
                0x08001f48                HAL_I2C_Master_Transmit
 .text.I2C_MasterRequestWrite
                0x08002144      0x104 ./Drivers/STM32F4xx_HAL_Driver/Src/stm32f4xx_hal_i2c.o
 .text.I2C_WaitOnFlagUntilTimeout
                0x08002248       0xf4 ./Drivers/STM32F4xx_HAL_Driver/Src/stm32f4xx_hal_i2c.o
 .text.I2C_WaitOnMasterAddressFlagUntilTimeout
                0x0800233c      0x140 ./Drivers/STM32F4xx_HAL_Driver/Src/stm32f4xx_hal_i2c.o
 .text.I2C_WaitOnTXEFlagUntilTimeout
                0x0800247c       0x90 ./Drivers/STM32F4xx_HAL_Driver/Src/stm32f4xx_hal_i2c.o
 .text.I2C_WaitOnBTFFlagUntilTimeout
                0x0800250c       0x90 ./Drivers/STM32F4xx_HAL_Driver/Src/stm32f4xx_hal_i2c.o
 .text.I2C_IsAcknowledgeFailed
                0x0800259c       0x5e ./Drivers/STM32F4xx_HAL_Driver/Src/stm32f4xx_hal_i2c.o
 *fill*         0x080025fa        0x2 
 .text.HAL_RCC_OscConfig
                0x080025fc      0x4f0 ./Drivers/STM32F4xx_HAL_Driver/Src/stm32f4xx_hal_rcc.o
                0x080025fc                HAL_RCC_OscConfig
 .text.HAL_RCC_ClockConfig
                0x08002aec      0x1cc ./Drivers/STM32F4xx_HAL_Driver/Src/stm32f4xx_hal_rcc.o
                0x08002aec                HAL_RCC_ClockConfig
 .text.HAL_RCC_GetSysClockFreq
                0x08002cb8      0x20c ./Drivers/STM32F4xx_HAL_Driver/Src/stm32f4xx_hal_rcc.o
                0x08002cb8                HAL_RCC_GetSysClockFreq
 .text.HAL_RCC_GetHCLKFreq
                0x08002ec4       0x18 ./Drivers/STM32F4xx_HAL_Driver/Src/stm32f4xx_hal_rcc.o
                0x08002ec4                HAL_RCC_GetHCLKFreq
 .text.HAL_RCC_GetPCLK1Freq
                0x08002edc       0x28 ./Drivers/STM32F4xx_HAL_Driver/Src/stm32f4xx_hal_rcc.o
                0x08002edc                HAL_RCC_GetPCLK1Freq
 .text.HAL_RCC_GetPCLK2Freq
                0x08002f04       0x28 ./Drivers/STM32F4xx_HAL_Driver/Src/stm32f4xx_hal_rcc.o
                0x08002f04                HAL_RCC_GetPCLK2Freq
 .text.HAL_RCC_GetClockConfig
                0x08002f2c       0x64 ./Drivers/STM32F4xx_HAL_Driver/Src/stm32f4xx_hal_rcc.o
                0x08002f2c                HAL_RCC_GetClockConfig
 .text.HAL_TIM_Base_Init
                0x08002f90       0x9e ./Drivers/STM32F4xx_HAL_Driver/Src/stm32f4xx_hal_tim.o
                0x08002f90                HAL_TIM_Base_Init
 *fill*         0x0800302e        0x2 
 .text.HAL_TIM_Base_Start
                0x08003030       0xd0 ./Drivers/STM32F4xx_HAL_Driver/Src/stm32f4xx_hal_tim.o
                0x08003030                HAL_TIM_Base_Start
 .text.HAL_TIM_Base_Start_IT
                0x08003100       0xe0 ./Drivers/STM32F4xx_HAL_Driver/Src/stm32f4xx_hal_tim.o
                0x08003100                HAL_TIM_Base_Start_IT
 .text.HAL_TIM_IRQHandler
                0x080031e0      0x1e0 ./Drivers/STM32F4xx_HAL_Driver/Src/stm32f4xx_hal_tim.o
                0x080031e0                HAL_TIM_IRQHandler
 .text.HAL_TIM_OC_DelayElapsedCallback
                0x080033c0       0x14 ./Drivers/STM32F4xx_HAL_Driver/Src/stm32f4xx_hal_tim.o
                0x080033c0                HAL_TIM_OC_DelayElapsedCallback
 .text.HAL_TIM_IC_CaptureCallback
                0x080033d4       0x14 ./Drivers/STM32F4xx_HAL_Driver/Src/stm32f4xx_hal_tim.o
                0x080033d4                HAL_TIM_IC_CaptureCallback
 .text.HAL_TIM_PWM_PulseFinishedCallback
                0x080033e8       0x14 ./Drivers/STM32F4xx_HAL_Driver/Src/stm32f4xx_hal_tim.o
                0x080033e8                HAL_TIM_PWM_PulseFinishedCallback
 .text.HAL_TIM_TriggerCallback
                0x080033fc       0x14 ./Drivers/STM32F4xx_HAL_Driver/Src/stm32f4xx_hal_tim.o
                0x080033fc                HAL_TIM_TriggerCallback
 .text.TIM_Base_SetConfig
                0x08003410      0x14c ./Drivers/STM32F4xx_HAL_Driver/Src/stm32f4xx_hal_tim.o
                0x08003410                TIM_Base_SetConfig
 .text.HAL_TIMEx_MasterConfigSynchronization
                0x0800355c       0xf8 ./Drivers/STM32F4xx_HAL_Driver/Src/stm32f4xx_hal_tim_ex.o
                0x0800355c                HAL_TIMEx_MasterConfigSynchronization
 .text.HAL_TIMEx_CommutCallback
                0x08003654       0x14 ./Drivers/STM32F4xx_HAL_Driver/Src/stm32f4xx_hal_tim_ex.o
                0x08003654                HAL_TIMEx_CommutCallback
 .text.HAL_TIMEx_BreakCallback
                0x08003668       0x14 ./Drivers/STM32F4xx_HAL_Driver/Src/stm32f4xx_hal_tim_ex.o
                0x08003668                HAL_TIMEx_BreakCallback
 .text.HAL_UART_Init
                0x0800367c       0xa0 ./Drivers/STM32F4xx_HAL_Driver/Src/stm32f4xx_hal_uart.o
                0x0800367c                HAL_UART_Init
 .text.HAL_UART_Transmit
                0x0800371c      0x116 ./Drivers/STM32F4xx_HAL_Driver/Src/stm32f4xx_hal_uart.o
                0x0800371c                HAL_UART_Transmit
 .text.UART_WaitOnFlagUntilTimeout
                0x08003832       0xb2 ./Drivers/STM32F4xx_HAL_Driver/Src/stm32f4xx_hal_uart.o
 .text.UART_EndRxTransfer
                0x080038e4       0xc6 ./Drivers/STM32F4xx_HAL_Driver/Src/stm32f4xx_hal_uart.o
 *fill*         0x080039aa        0x2 
 .text.UART_SetConfig
                0x080039ac      0x4e8 ./Drivers/STM32F4xx_HAL_Driver/Src/stm32f4xx_hal_uart.o
 .text.vListInitialise
                0x08003e94       0x40 ./FreeRTOS/list.o
                0x08003e94                vListInitialise
 .text.vListInitialiseItem
                0x08003ed4       0x1a ./FreeRTOS/list.o
                0x08003ed4                vListInitialiseItem
 .text.vListInsertEnd
                0x08003eee       0x48 ./FreeRTOS/list.o
                0x08003eee                vListInsertEnd
 .text.vListInsert
                0x08003f36       0x72 ./FreeRTOS/list.o
                0x08003f36                vListInsert
 .text.uxListRemove
                0x08003fa8       0x54 ./FreeRTOS/list.o
                0x08003fa8                uxListRemove
 .text.xQueueGenericReset
                0x08003ffc       0xd4 ./FreeRTOS/queue.o
                0x08003ffc                xQueueGenericReset
 .text.xQueueGenericCreate
                0x080040d0       0x7a ./FreeRTOS/queue.o
                0x080040d0                xQueueGenericCreate
 .text.prvInitialiseNewQueue
                0x0800414a       0x46 ./FreeRTOS/queue.o
 .text.prvInitialiseMutex
                0x08004190       0x34 ./FreeRTOS/queue.o
 .text.xQueueCreateMutex
                0x080041c4       0x30 ./FreeRTOS/queue.o
                0x080041c4                xQueueCreateMutex
 .text.xQueueGenericSend
                0x080041f4      0x204 ./FreeRTOS/queue.o
                0x080041f4                xQueueGenericSend
 .text.xQueueGenericSendFromISR
                0x080043f8      0x136 ./FreeRTOS/queue.o
                0x080043f8                xQueueGenericSendFromISR
 *fill*         0x0800452e        0x2 
 .text.xQueueReceive
                0x08004530      0x1c4 ./FreeRTOS/queue.o
                0x08004530                xQueueReceive
 .text.xQueueSemaphoreTake
                0x080046f4      0x220 ./FreeRTOS/queue.o
                0x080046f4                xQueueSemaphoreTake
 .text.prvGetDisinheritPriorityAfterTimeout
                0x08004914       0x30 ./FreeRTOS/queue.o
 .text.prvCopyDataToQueue
                0x08004944       0xd4 ./FreeRTOS/queue.o
 .text.prvCopyDataFromQueue
                0x08004a18       0x4c ./FreeRTOS/queue.o
 .text.prvUnlockQueue
                0x08004a64       0xa4 ./FreeRTOS/queue.o
 .text.prvIsQueueEmpty
                0x08004b08       0x2c ./FreeRTOS/queue.o
 .text.prvIsQueueFull
                0x08004b34       0x30 ./FreeRTOS/queue.o
 .text.vQueueAddToRegistry
                0x08004b64       0x54 ./FreeRTOS/queue.o
                0x08004b64                vQueueAddToRegistry
 .text.vQueueWaitForMessageRestricted
                0x08004bb8       0x68 ./FreeRTOS/queue.o
                0x08004bb8                vQueueWaitForMessageRestricted
 .text.xTaskCreate
                0x08004c20       0x82 ./FreeRTOS/tasks.o
                0x08004c20                xTaskCreate
 .text.prvInitialiseNewTask
                0x08004ca2      0x120 ./FreeRTOS/tasks.o
 *fill*         0x08004dc2        0x2 
 .text.prvAddNewTaskToReadyList
                0x08004dc4       0xdc ./FreeRTOS/tasks.o
 .text.vTaskDelay
                0x08004ea0       0x6c ./FreeRTOS/tasks.o
                0x08004ea0                vTaskDelay
 .text.vTaskStartScheduler
                0x08004f0c       0x9c ./FreeRTOS/tasks.o
                0x08004f0c                vTaskStartScheduler
 .text.vTaskSuspendAll
                0x08004fa8       0x1c ./FreeRTOS/tasks.o
                0x08004fa8                vTaskSuspendAll
 .text.xTaskResumeAll
                0x08004fc4      0x13c ./FreeRTOS/tasks.o
                0x08004fc4                xTaskResumeAll
 .text.xTaskGetTickCount
                0x08005100       0x20 ./FreeRTOS/tasks.o
                0x08005100                xTaskGetTickCount
 .text.xTaskIncrementTick
                0x08005120      0x174 ./FreeRTOS/tasks.o
                0x08005120                xTaskIncrementTick
 .text.vTaskSwitchContext
                0x08005294       0xb8 ./FreeRTOS/tasks.o
                0x08005294                vTaskSwitchContext
 .text.vTaskPlaceOnEventList
                0x0800534c       0x4c ./FreeRTOS/tasks.o
                0x0800534c                vTaskPlaceOnEventList
 .text.vTaskPlaceOnEventListRestricted
                0x08005398       0x58 ./FreeRTOS/tasks.o
                0x08005398                vTaskPlaceOnEventListRestricted
 .text.xTaskRemoveFromEventList
                0x080053f0       0xc8 ./FreeRTOS/tasks.o
                0x080053f0                xTaskRemoveFromEventList
 .text.vTaskInternalSetTimeOutState
                0x080054b8       0x2c ./FreeRTOS/tasks.o
                0x080054b8                vTaskInternalSetTimeOutState
 .text.xTaskCheckForTimeOut
                0x080054e4       0xc8 ./FreeRTOS/tasks.o
                0x080054e4                xTaskCheckForTimeOut
 .text.vTaskMissedYield
                0x080055ac       0x18 ./FreeRTOS/tasks.o
                0x080055ac                vTaskMissedYield
 .text.prvIdleTask
                0x080055c4       0x30 ./FreeRTOS/tasks.o
 .text.prvInitialiseTaskLists
                0x080055f4       0x80 ./FreeRTOS/tasks.o
 .text.prvCheckTasksWaitingTermination
                0x08005674       0x5c ./FreeRTOS/tasks.o
 .text.prvDeleteTCB
                0x080056d0       0x20 ./FreeRTOS/tasks.o
 .text.prvResetNextTaskUnblockTime
                0x080056f0       0x40 ./FreeRTOS/tasks.o
 .text.xTaskGetSchedulerState
                0x08005730       0x3c ./FreeRTOS/tasks.o
                0x08005730                xTaskGetSchedulerState
 .text.xTaskPriorityInherit
                0x0800576c      0x100 ./FreeRTOS/tasks.o
                0x0800576c                xTaskPriorityInherit
 .text.xTaskPriorityDisinherit
                0x0800586c      0x110 ./FreeRTOS/tasks.o
                0x0800586c                xTaskPriorityDisinherit
 .text.vTaskPriorityDisinheritAfterTimeout
                0x0800597c      0x138 ./FreeRTOS/tasks.o
                0x0800597c                vTaskPriorityDisinheritAfterTimeout
 .text.pvTaskIncrementMutexHeldCount
                0x08005ab4       0x28 ./FreeRTOS/tasks.o
                0x08005ab4                pvTaskIncrementMutexHeldCount
 .text.prvAddCurrentTaskToDelayedList
                0x08005adc       0xcc ./FreeRTOS/tasks.o
 .text.xTimerCreateTimerTask
                0x08005ba8       0x68 ./FreeRTOS/timers.o
                0x08005ba8                xTimerCreateTimerTask
 .text.xTimerGenericCommand
                0x08005c10       0x9c ./FreeRTOS/timers.o
                0x08005c10                xTimerGenericCommand
 .text.prvProcessExpiredTimer
                0x08005cac       0x9c ./FreeRTOS/timers.o
 .text.prvTimerTask
                0x08005d48       0x26 ./FreeRTOS/timers.o
 *fill*         0x08005d6e        0x2 
 .text.prvProcessTimerOrBlockTask
                0x08005d70       0x9c ./FreeRTOS/timers.o
 .text.prvGetNextExpireTime
                0x08005e0c       0x48 ./FreeRTOS/timers.o
 .text.prvSampleTimeNow
                0x08005e54       0x40 ./FreeRTOS/timers.o
 .text.prvInsertTimerInActiveList
                0x08005e94       0x84 ./FreeRTOS/timers.o
 .text.prvProcessReceivedCommands
                0x08005f18      0x194 ./FreeRTOS/timers.o
 .text.prvSwitchTimerLists
                0x080060ac       0xcc ./FreeRTOS/timers.o
 .text.prvCheckForValidListAndQueue
                0x08006178       0x6c ./FreeRTOS/timers.o
 .text.pxPortInitialiseStack
                0x080061e4       0x68 ./FreeRTOS/portable/ARM_CM4F/port.o
                0x080061e4                pxPortInitialiseStack
 .text.prvTaskExitError
                0x0800624c       0x5c ./FreeRTOS/portable/ARM_CM4F/port.o
 *fill*         0x080062a8        0x8 
 .text.SVC_Handler
                0x080062b0       0x28 ./FreeRTOS/portable/ARM_CM4F/port.o
                0x080062b0                SVC_Handler
 .text.prvPortStartFirstTask
                0x080062d8       0x28 ./FreeRTOS/portable/ARM_CM4F/port.o
 .text.xPortStartScheduler
                0x08006300      0x148 ./FreeRTOS/portable/ARM_CM4F/port.o
                0x08006300                xPortStartScheduler
 .text.vPortEnterCritical
                0x08006448       0x64 ./FreeRTOS/portable/ARM_CM4F/port.o
                0x08006448                vPortEnterCritical
 .text.vPortExitCritical
                0x080064ac       0x54 ./FreeRTOS/portable/ARM_CM4F/port.o
                0x080064ac                vPortExitCritical
 .text.PendSV_Handler
                0x08006500       0x68 ./FreeRTOS/portable/ARM_CM4F/port.o
                0x08006500                PendSV_Handler
 .text.SysTick_Handler
                0x08006568       0x44 ./FreeRTOS/portable/ARM_CM4F/port.o
                0x08006568                SysTick_Handler
 .text.vPortSetupTimerInterrupt
                0x080065ac       0x48 ./FreeRTOS/portable/ARM_CM4F/port.o
                0x080065ac                vPortSetupTimerInterrupt
 .text.vPortEnableVFP
                0x080065f4       0x14 ./FreeRTOS/portable/ARM_CM4F/port.o
 .text.vPortValidateInterruptPriority
                0x08006608       0x84 ./FreeRTOS/portable/ARM_CM4F/port.o
                0x08006608                vPortValidateInterruptPriority
 .text.pvPortMalloc
                0x0800668c      0x190 ./FreeRTOS/portable/MemMang/heap_4.o
                0x0800668c                pvPortMalloc
 .text.vPortFree
                0x0800681c       0xb8 ./FreeRTOS/portable/MemMang/heap_4.o
                0x0800681c                vPortFree
 .text.prvHeapInit
                0x080068d4       0xc4 ./FreeRTOS/portable/MemMang/heap_4.o
 .text.prvInsertBlockIntoFreeList
                0x08006998       0xb4 ./FreeRTOS/portable/MemMang/heap_4.o
 .text.snprintf
                0x08006a4c       0x68 C:/Users/ainonkaka/STM32CubeIDE_1.17.0/STM32CubeIDE/plugins/com.st.stm32cube.ide.mcu.externaltools.gnu-tools-for-stm32.12.3.rel1.win32_1.1.0.202410251130/tools/bin/../lib/gcc/arm-none-eabi/12.3.1/../../../../arm-none-eabi/lib/thumb/v7e-m+fp/hard\libc_nano.a(libc_a-snprintf.o)
                0x08006a4c                sniprintf
                0x08006a4c                snprintf
 .text.sprintf  0x08006ab4       0x40 C:/Users/ainonkaka/STM32CubeIDE_1.17.0/STM32CubeIDE/plugins/com.st.stm32cube.ide.mcu.externaltools.gnu-tools-for-stm32.12.3.rel1.win32_1.1.0.202410251130/tools/bin/../lib/gcc/arm-none-eabi/12.3.1/../../../../arm-none-eabi/lib/thumb/v7e-m+fp/hard\libc_nano.a(libc_a-sprintf.o)
                0x08006ab4                siprintf
                0x08006ab4                sprintf
 .text.memset   0x08006af4       0x10 C:/Users/ainonkaka/STM32CubeIDE_1.17.0/STM32CubeIDE/plugins/com.st.stm32cube.ide.mcu.externaltools.gnu-tools-for-stm32.12.3.rel1.win32_1.1.0.202410251130/tools/bin/../lib/gcc/arm-none-eabi/12.3.1/../../../../arm-none-eabi/lib/thumb/v7e-m+fp/hard\libc_nano.a(libc_a-memset.o)
                0x08006af4                memset
 .text.__errno  0x08006b04        0xc C:/Users/ainonkaka/STM32CubeIDE_1.17.0/STM32CubeIDE/plugins/com.st.stm32cube.ide.mcu.externaltools.gnu-tools-for-stm32.12.3.rel1.win32_1.1.0.202410251130/tools/bin/../lib/gcc/arm-none-eabi/12.3.1/../../../../arm-none-eabi/lib/thumb/v7e-m+fp/hard\libc_nano.a(libc_a-errno.o)
                0x08006b04                __errno
 .text.__libc_init_array
                0x08006b10       0x48 C:/Users/ainonkaka/STM32CubeIDE_1.17.0/STM32CubeIDE/plugins/com.st.stm32cube.ide.mcu.externaltools.gnu-tools-for-stm32.12.3.rel1.win32_1.1.0.202410251130/tools/bin/../lib/gcc/arm-none-eabi/12.3.1/../../../../arm-none-eabi/lib/thumb/v7e-m+fp/hard\libc_nano.a(libc_a-init.o)
                0x08006b10                __libc_init_array
 .text.__retarget_lock_acquire_recursive
                0x08006b58        0x2 C:/Users/ainonkaka/STM32CubeIDE_1.17.0/STM32CubeIDE/plugins/com.st.stm32cube.ide.mcu.externaltools.gnu-tools-for-stm32.12.3.rel1.win32_1.1.0.202410251130/tools/bin/../lib/gcc/arm-none-eabi/12.3.1/../../../../arm-none-eabi/lib/thumb/v7e-m+fp/hard\libc_nano.a(libc_a-lock.o)
                0x08006b58                __retarget_lock_acquire_recursive
 .text.__retarget_lock_release_recursive
                0x08006b5a        0x2 C:/Users/ainonkaka/STM32CubeIDE_1.17.0/STM32CubeIDE/plugins/com.st.stm32cube.ide.mcu.externaltools.gnu-tools-for-stm32.12.3.rel1.win32_1.1.0.202410251130/tools/bin/../lib/gcc/arm-none-eabi/12.3.1/../../../../arm-none-eabi/lib/thumb/v7e-m+fp/hard\libc_nano.a(libc_a-lock.o)
                0x08006b5a                __retarget_lock_release_recursive
 .text.memcpy   0x08006b5c       0x1c C:/Users/ainonkaka/STM32CubeIDE_1.17.0/STM32CubeIDE/plugins/com.st.stm32cube.ide.mcu.externaltools.gnu-tools-for-stm32.12.3.rel1.win32_1.1.0.202410251130/tools/bin/../lib/gcc/arm-none-eabi/12.3.1/../../../../arm-none-eabi/lib/thumb/v7e-m+fp/hard\libc_nano.a(libc_a-memcpy-stub.o)
                0x08006b5c                memcpy
 .text._free_r  0x08006b78       0x94 C:/Users/ainonkaka/STM32CubeIDE_1.17.0/STM32CubeIDE/plugins/com.st.stm32cube.ide.mcu.externaltools.gnu-tools-for-stm32.12.3.rel1.win32_1.1.0.202410251130/tools/bin/../lib/gcc/arm-none-eabi/12.3.1/../../../../arm-none-eabi/lib/thumb/v7e-m+fp/hard\libc_nano.a(libc_a-freer.o)
                0x08006b78                _free_r
 .text.sbrk_aligned
                0x08006c0c       0x44 C:/Users/ainonkaka/STM32CubeIDE_1.17.0/STM32CubeIDE/plugins/com.st.stm32cube.ide.mcu.externaltools.gnu-tools-for-stm32.12.3.rel1.win32_1.1.0.202410251130/tools/bin/../lib/gcc/arm-none-eabi/12.3.1/../../../../arm-none-eabi/lib/thumb/v7e-m+fp/hard\libc_nano.a(libc_a-mallocr.o)
 .text._malloc_r
                0x08006c50      0x100 C:/Users/ainonkaka/STM32CubeIDE_1.17.0/STM32CubeIDE/plugins/com.st.stm32cube.ide.mcu.externaltools.gnu-tools-for-stm32.12.3.rel1.win32_1.1.0.202410251130/tools/bin/../lib/gcc/arm-none-eabi/12.3.1/../../../../arm-none-eabi/lib/thumb/v7e-m+fp/hard\libc_nano.a(libc_a-mallocr.o)
                0x08006c50                _malloc_r
 .text.__malloc_lock
                0x08006d50        0xc C:/Users/ainonkaka/STM32CubeIDE_1.17.0/STM32CubeIDE/plugins/com.st.stm32cube.ide.mcu.externaltools.gnu-tools-for-stm32.12.3.rel1.win32_1.1.0.202410251130/tools/bin/../lib/gcc/arm-none-eabi/12.3.1/../../../../arm-none-eabi/lib/thumb/v7e-m+fp/hard\libc_nano.a(libc_a-mlock.o)
                0x08006d50                __malloc_lock
 .text.__malloc_unlock
                0x08006d5c        0xc C:/Users/ainonkaka/STM32CubeIDE_1.17.0/STM32CubeIDE/plugins/com.st.stm32cube.ide.mcu.externaltools.gnu-tools-for-stm32.12.3.rel1.win32_1.1.0.202410251130/tools/bin/../lib/gcc/arm-none-eabi/12.3.1/../../../../arm-none-eabi/lib/thumb/v7e-m+fp/hard\libc_nano.a(libc_a-mlock.o)
                0x08006d5c                __malloc_unlock
 .text.__ssputs_r
                0x08006d68       0xb6 C:/Users/ainonkaka/STM32CubeIDE_1.17.0/STM32CubeIDE/plugins/com.st.stm32cube.ide.mcu.externaltools.gnu-tools-for-stm32.12.3.rel1.win32_1.1.0.202410251130/tools/bin/../lib/gcc/arm-none-eabi/12.3.1/../../../../arm-none-eabi/lib/thumb/v7e-m+fp/hard\libc_nano.a(libc_a-nano-svfprintf.o)
                0x08006d68                __ssputs_r
 *fill*         0x08006e1e        0x2 
 .text._svfprintf_r
                0x08006e20      0x1f8 C:/Users/ainonkaka/STM32CubeIDE_1.17.0/STM32CubeIDE/plugins/com.st.stm32cube.ide.mcu.externaltools.gnu-tools-for-stm32.12.3.rel1.win32_1.1.0.202410251130/tools/bin/../lib/gcc/arm-none-eabi/12.3.1/../../../../arm-none-eabi/lib/thumb/v7e-m+fp/hard\libc_nano.a(libc_a-nano-svfprintf.o)
                0x08006e20                _svfiprintf_r
                0x08006e20                _svfprintf_r
 .text._printf_common
                0x08007018       0xda C:/Users/ainonkaka/STM32CubeIDE_1.17.0/STM32CubeIDE/plugins/com.st.stm32cube.ide.mcu.externaltools.gnu-tools-for-stm32.12.3.rel1.win32_1.1.0.202410251130/tools/bin/../lib/gcc/arm-none-eabi/12.3.1/../../../../arm-none-eabi/lib/thumb/v7e-m+fp/hard\libc_nano.a(libc_a-nano-vfprintf_i.o)
                0x08007018                _printf_common
 *fill*         0x080070f2        0x2 
 .text._printf_i
                0x080070f4      0x240 C:/Users/ainonkaka/STM32CubeIDE_1.17.0/STM32CubeIDE/plugins/com.st.stm32cube.ide.mcu.externaltools.gnu-tools-for-stm32.12.3.rel1.win32_1.1.0.202410251130/tools/bin/../lib/gcc/arm-none-eabi/12.3.1/../../../../arm-none-eabi/lib/thumb/v7e-m+fp/hard\libc_nano.a(libc_a-nano-vfprintf_i.o)
                0x080070f4                _printf_i
 .text.memmove  0x08007334       0x34 C:/Users/ainonkaka/STM32CubeIDE_1.17.0/STM32CubeIDE/plugins/com.st.stm32cube.ide.mcu.externaltools.gnu-tools-for-stm32.12.3.rel1.win32_1.1.0.202410251130/tools/bin/../lib/gcc/arm-none-eabi/12.3.1/../../../../arm-none-eabi/lib/thumb/v7e-m+fp/hard\libc_nano.a(libc_a-memmove.o)
                0x08007334                memmove
 .text._sbrk_r  0x08007368       0x20 C:/Users/ainonkaka/STM32CubeIDE_1.17.0/STM32CubeIDE/plugins/com.st.stm32cube.ide.mcu.externaltools.gnu-tools-for-stm32.12.3.rel1.win32_1.1.0.202410251130/tools/bin/../lib/gcc/arm-none-eabi/12.3.1/../../../../arm-none-eabi/lib/thumb/v7e-m+fp/hard\libc_nano.a(libc_a-sbrkr.o)
                0x08007368                _sbrk_r
 .text._realloc_r
                0x08007388       0x5c C:/Users/ainonkaka/STM32CubeIDE_1.17.0/STM32CubeIDE/plugins/com.st.stm32cube.ide.mcu.externaltools.gnu-tools-for-stm32.12.3.rel1.win32_1.1.0.202410251130/tools/bin/../lib/gcc/arm-none-eabi/12.3.1/../../../../arm-none-eabi/lib/thumb/v7e-m+fp/hard\libc_nano.a(libc_a-reallocr.o)
                0x08007388                _realloc_r
 .text._malloc_usable_size_r
                0x080073e4       0x10 C:/Users/ainonkaka/STM32CubeIDE_1.17.0/STM32CubeIDE/plugins/com.st.stm32cube.ide.mcu.externaltools.gnu-tools-for-stm32.12.3.rel1.win32_1.1.0.202410251130/tools/bin/../lib/gcc/arm-none-eabi/12.3.1/../../../../arm-none-eabi/lib/thumb/v7e-m+fp/hard\libc_nano.a(libc_a-msizer.o)
                0x080073e4                _malloc_usable_size_r
 *(.glue_7)
 .glue_7        0x080073f4        0x0 linker stubs
 *(.glue_7t)
 .glue_7t       0x080073f4        0x0 linker stubs
 *(.eh_frame)
 .eh_frame      0x080073f4        0x0 C:/Users/ainonkaka/STM32CubeIDE_1.17.0/STM32CubeIDE/plugins/com.st.stm32cube.ide.mcu.externaltools.gnu-tools-for-stm32.12.3.rel1.win32_1.1.0.202410251130/tools/bin/../lib/gcc/arm-none-eabi/12.3.1/thumb/v7e-m+fp/hard/crtbegin.o
 *(.init)
 .init          0x080073f4        0x4 C:/Users/ainonkaka/STM32CubeIDE_1.17.0/STM32CubeIDE/plugins/com.st.stm32cube.ide.mcu.externaltools.gnu-tools-for-stm32.12.3.rel1.win32_1.1.0.202410251130/tools/bin/../lib/gcc/arm-none-eabi/12.3.1/thumb/v7e-m+fp/hard/crti.o
                0x080073f4                _init
 .init          0x080073f8        0x8 C:/Users/ainonkaka/STM32CubeIDE_1.17.0/STM32CubeIDE/plugins/com.st.stm32cube.ide.mcu.externaltools.gnu-tools-for-stm32.12.3.rel1.win32_1.1.0.202410251130/tools/bin/../lib/gcc/arm-none-eabi/12.3.1/thumb/v7e-m+fp/hard/crtn.o
 *(.fini)
 .fini          0x08007400        0x4 C:/Users/ainonkaka/STM32CubeIDE_1.17.0/STM32CubeIDE/plugins/com.st.stm32cube.ide.mcu.externaltools.gnu-tools-for-stm32.12.3.rel1.win32_1.1.0.202410251130/tools/bin/../lib/gcc/arm-none-eabi/12.3.1/thumb/v7e-m+fp/hard/crti.o
                0x08007400                _fini
 .fini          0x08007404        0x8 C:/Users/ainonkaka/STM32CubeIDE_1.17.0/STM32CubeIDE/plugins/com.st.stm32cube.ide.mcu.externaltools.gnu-tools-for-stm32.12.3.rel1.win32_1.1.0.202410251130/tools/bin/../lib/gcc/arm-none-eabi/12.3.1/thumb/v7e-m+fp/hard/crtn.o
                0x0800740c                        . = ALIGN (0x4)
                0x0800740c                        _etext = .

.vfp11_veneer   0x0800740c        0x0
 .vfp11_veneer  0x0800740c        0x0 linker stubs

.v4_bx          0x0800740c        0x0
 .v4_bx         0x0800740c        0x0 linker stubs

.iplt           0x0800740c        0x0
 .iplt          0x0800740c        0x0 C:/Users/ainonkaka/STM32CubeIDE_1.17.0/STM32CubeIDE/plugins/com.st.stm32cube.ide.mcu.externaltools.gnu-tools-for-stm32.12.3.rel1.win32_1.1.0.202410251130/tools/bin/../lib/gcc/arm-none-eabi/12.3.1/thumb/v7e-m+fp/hard/crtbegin.o

.rodata         0x0800740c      0x158
                0x0800740c                        . = ALIGN (0x4)
 *(.rodata)
 .rodata        0x0800740c       0x10 ./Core/Src/liquidcrystal_i2c.o
 .rodata        0x0800741c       0xe3 ./Core/Src/main.o
 *fill*         0x080074ff        0x1 
 .rodata        0x08007500        0x5 ./FreeRTOS/tasks.o
 *fill*         0x08007505        0x3 
 .rodata        0x08007508        0xd ./FreeRTOS/timers.o
 *(.rodata*)
 *fill*         0x08007515        0x3 
 .rodata.AHBPrescTable
                0x08007518       0x10 ./Core/Src/system_stm32f4xx.o
                0x08007518                AHBPrescTable
 .rodata.APBPrescTable
                0x08007528        0x8 ./Core/Src/system_stm32f4xx.o
                0x08007528                APBPrescTable
 .rodata._svfprintf_r.str1.1
                0x08007530       0x11 C:/Users/ainonkaka/STM32CubeIDE_1.17.0/STM32CubeIDE/plugins/com.st.stm32cube.ide.mcu.externaltools.gnu-tools-for-stm32.12.3.rel1.win32_1.1.0.202410251130/tools/bin/../lib/gcc/arm-none-eabi/12.3.1/../../../../arm-none-eabi/lib/thumb/v7e-m+fp/hard\libc_nano.a(libc_a-nano-svfprintf.o)
 .rodata._printf_i.str1.1
                0x08007541       0x22 C:/Users/ainonkaka/STM32CubeIDE_1.17.0/STM32CubeIDE/plugins/com.st.stm32cube.ide.mcu.externaltools.gnu-tools-for-stm32.12.3.rel1.win32_1.1.0.202410251130/tools/bin/../lib/gcc/arm-none-eabi/12.3.1/../../../../arm-none-eabi/lib/thumb/v7e-m+fp/hard\libc_nano.a(libc_a-nano-vfprintf_i.o)
                0x08007564                        . = ALIGN (0x4)
 *fill*         0x08007563        0x1 

.ARM.extab      0x08007564        0x0
                0x08007564                        . = ALIGN (0x4)
 *(.ARM.extab* .gnu.linkonce.armextab.*)
                0x08007564                        . = ALIGN (0x4)

.ARM            0x08007564        0x8
                0x08007564                        . = ALIGN (0x4)
                0x08007564                        __exidx_start = .
 *(.ARM.exidx*)
 .ARM.exidx     0x08007564        0x8 C:/Users/ainonkaka/STM32CubeIDE_1.17.0/STM32CubeIDE/plugins/com.st.stm32cube.ide.mcu.externaltools.gnu-tools-for-stm32.12.3.rel1.win32_1.1.0.202410251130/tools/bin/../lib/gcc/arm-none-eabi/12.3.1/../../../../arm-none-eabi/lib/thumb/v7e-m+fp/hard\libc_nano.a(libc_a-memchr.o)
 .ARM.exidx     0x0800756c        0x0 C:/Users/ainonkaka/STM32CubeIDE_1.17.0/STM32CubeIDE/plugins/com.st.stm32cube.ide.mcu.externaltools.gnu-tools-for-stm32.12.3.rel1.win32_1.1.0.202410251130/tools/bin/../lib/gcc/arm-none-eabi/12.3.1/thumb/v7e-m+fp/hard\libgcc.a(_udivmoddi4.o)
                                  0x8 (size before relaxing)
                0x0800756c                        __exidx_end = .
                0x0800756c                        . = ALIGN (0x4)

.preinit_array  0x0800756c        0x0
                0x0800756c                        . = ALIGN (0x4)
                0x0800756c                        PROVIDE (__preinit_array_start = .)
 *(.preinit_array*)
                0x0800756c                        PROVIDE (__preinit_array_end = .)
                0x0800756c                        . = ALIGN (0x4)

.init_array     0x0800756c        0x4
                0x0800756c                        . = ALIGN (0x4)
                0x0800756c                        PROVIDE (__init_array_start = .)
 *(SORT_BY_NAME(.init_array.*))
 *(.init_array*)
 .init_array    0x0800756c        0x4 C:/Users/ainonkaka/STM32CubeIDE_1.17.0/STM32CubeIDE/plugins/com.st.stm32cube.ide.mcu.externaltools.gnu-tools-for-stm32.12.3.rel1.win32_1.1.0.202410251130/tools/bin/../lib/gcc/arm-none-eabi/12.3.1/thumb/v7e-m+fp/hard/crtbegin.o
                0x08007570                        PROVIDE (__init_array_end = .)
                0x08007570                        . = ALIGN (0x4)

.fini_array     0x08007570        0x4
                0x08007570                        . = ALIGN (0x4)
                [!provide]                        PROVIDE (__fini_array_start = .)
 *(SORT_BY_NAME(.fini_array.*))
 *(.fini_array*)
 .fini_array    0x08007570        0x4 C:/Users/ainonkaka/STM32CubeIDE_1.17.0/STM32CubeIDE/plugins/com.st.stm32cube.ide.mcu.externaltools.gnu-tools-for-stm32.12.3.rel1.win32_1.1.0.202410251130/tools/bin/../lib/gcc/arm-none-eabi/12.3.1/thumb/v7e-m+fp/hard/crtbegin.o
                [!provide]                        PROVIDE (__fini_array_end = .)
                0x08007574                        . = ALIGN (0x4)
                0x08007574                        _sidata = LOADADDR (.data)

.rel.dyn        0x08007574        0x0
 .rel.iplt      0x08007574        0x0 C:/Users/ainonkaka/STM32CubeIDE_1.17.0/STM32CubeIDE/plugins/com.st.stm32cube.ide.mcu.externaltools.gnu-tools-for-stm32.12.3.rel1.win32_1.1.0.202410251130/tools/bin/../lib/gcc/arm-none-eabi/12.3.1/thumb/v7e-m+fp/hard/crtbegin.o

.data           0x20000000       0x74 load address 0x08007574
                0x20000000                        . = ALIGN (0x4)
                0x20000000                        _sdata = .
 *(.data)
 *(.data*)
 .data.special1
                0x20000000        0x8 ./Core/Src/liquidcrystal_i2c.o
                0x20000000                special1
 .data.special2
                0x20000008        0x8 ./Core/Src/liquidcrystal_i2c.o
                0x20000008                special2
 .data.temp_threshold
                0x20000010        0x1 ./Core/Src/main.o
                0x20000010                temp_threshold
 .data.humi_threshold
                0x20000011        0x1 ./Core/Src/main.o
                0x20000011                humi_threshold
 *fill*         0x20000012        0x2 
 .data.SystemCoreClock
                0x20000014        0x4 ./Core/Src/system_stm32f4xx.o
                0x20000014                SystemCoreClock
 .data.uwTickPrio
                0x20000018        0x4 ./Drivers/STM32F4xx_HAL_Driver/Src/stm32f4xx_hal.o
                0x20000018                uwTickPrio
 .data.uwTickFreq
                0x2000001c        0x1 ./Drivers/STM32F4xx_HAL_Driver/Src/stm32f4xx_hal.o
                0x2000001c                uwTickFreq
 *fill*         0x2000001d        0x3 
 .data.uxCriticalNesting
                0x20000020        0x4 ./FreeRTOS/portable/ARM_CM4F/port.o
 .data._impure_ptr
                0x20000024        0x4 C:/Users/ainonkaka/STM32CubeIDE_1.17.0/STM32CubeIDE/plugins/com.st.stm32cube.ide.mcu.externaltools.gnu-tools-for-stm32.12.3.rel1.win32_1.1.0.202410251130/tools/bin/../lib/gcc/arm-none-eabi/12.3.1/../../../../arm-none-eabi/lib/thumb/v7e-m+fp/hard\libc_nano.a(libc_a-impure.o)
                0x20000024                _impure_ptr
 .data._impure_data
                0x20000028       0x4c C:/Users/ainonkaka/STM32CubeIDE_1.17.0/STM32CubeIDE/plugins/com.st.stm32cube.ide.mcu.externaltools.gnu-tools-for-stm32.12.3.rel1.win32_1.1.0.202410251130/tools/bin/../lib/gcc/arm-none-eabi/12.3.1/../../../../arm-none-eabi/lib/thumb/v7e-m+fp/hard\libc_nano.a(libc_a-impure.o)
                0x20000028                _impure_data
 *(.RamFunc)
 *(.RamFunc*)
                0x20000074                        . = ALIGN (0x4)
                0x20000074                        _edata = .
                0x080075e8                        _siccmram = LOADADDR (.ccmram)

.igot.plt       0x20000074        0x0 load address 0x080075e8
 .igot.plt      0x20000074        0x0 C:/Users/ainonkaka/STM32CubeIDE_1.17.0/STM32CubeIDE/plugins/com.st.stm32cube.ide.mcu.externaltools.gnu-tools-for-stm32.12.3.rel1.win32_1.1.0.202410251130/tools/bin/../lib/gcc/arm-none-eabi/12.3.1/thumb/v7e-m+fp/hard/crtbegin.o

.ccmram         0x10000000        0x0 load address 0x080075e8
                0x10000000                        . = ALIGN (0x4)
                0x10000000                        _sccmram = .
 *(.ccmram)
 *(.ccmram*)
                0x10000000                        . = ALIGN (0x4)
                0x10000000                        _eccmram = .
                0x10000000                        . = ALIGN (0x4)

.bss            0x20000074    0x13054
                0x20000074                        _sbss = .
                0x20000074                        __bss_start__ = _sbss
 *(.bss)
 .bss           0x20000074       0x1c C:/Users/ainonkaka/STM32CubeIDE_1.17.0/STM32CubeIDE/plugins/com.st.stm32cube.ide.mcu.externaltools.gnu-tools-for-stm32.12.3.rel1.win32_1.1.0.202410251130/tools/bin/../lib/gcc/arm-none-eabi/12.3.1/thumb/v7e-m+fp/hard/crtbegin.o
 *(.bss*)
 .bss.dpFunction
                0x20000090        0x1 ./Core/Src/liquidcrystal_i2c.o
                0x20000090                dpFunction
 .bss.dpControl
                0x20000091        0x1 ./Core/Src/liquidcrystal_i2c.o
                0x20000091                dpControl
 .bss.dpMode    0x20000092        0x1 ./Core/Src/liquidcrystal_i2c.o
                0x20000092                dpMode
 .bss.dpRows    0x20000093        0x1 ./Core/Src/liquidcrystal_i2c.o
                0x20000093                dpRows
 .bss.dpBacklight
                0x20000094        0x1 ./Core/Src/liquidcrystal_i2c.o
                0x20000094                dpBacklight
 *fill*         0x20000095        0x3 
 .bss.hi2c1     0x20000098       0x54 ./Core/Src/main.o
                0x20000098                hi2c1
 .bss.htim6     0x200000ec       0x48 ./Core/Src/main.o
                0x200000ec                htim6
 .bss.huart2    0x20000134       0x48 ./Core/Src/main.o
                0x20000134                huart2
 .bss.g_temp    0x2000017c        0x4 ./Core/Src/main.o
                0x2000017c                g_temp
 .bss.g_humi    0x20000180        0x4 ./Core/Src/main.o
                0x20000180                g_humi
 .bss.xDataMutex
                0x20000184        0x4 ./Core/Src/main.o
                0x20000184                xDataMutex
 .bss.dht11_data
                0x20000188        0x6 ./Core/Src/main.o
                0x20000188                dht11_data
 .bss.result    0x2000018e        0x1 ./Core/Src/main.o
                0x2000018e                result
 *fill*         0x2000018f        0x1 
 .bss.htim7     0x20000190       0x48 ./Core/Src/stm32f4xx_hal_timebase_tim.o
                0x20000190                htim7
 .bss.__sbrk_heap_end
                0x200001d8        0x4 ./Core/Src/sysmem.o
 .bss.uwTick    0x200001dc        0x4 ./Drivers/STM32F4xx_HAL_Driver/Src/stm32f4xx_hal.o
                0x200001dc                uwTick
 .bss.xQueueRegistry
                0x200001e0       0x40 ./FreeRTOS/queue.o
                0x200001e0                xQueueRegistry
 .bss.pxCurrentTCB
                0x20000220        0x4 ./FreeRTOS/tasks.o
                0x20000220                pxCurrentTCB
 .bss.pxReadyTasksLists
                0x20000224       0x64 ./FreeRTOS/tasks.o
 .bss.xDelayedTaskList1
                0x20000288       0x14 ./FreeRTOS/tasks.o
 .bss.xDelayedTaskList2
                0x2000029c       0x14 ./FreeRTOS/tasks.o
 .bss.pxDelayedTaskList
                0x200002b0        0x4 ./FreeRTOS/tasks.o
 .bss.pxOverflowDelayedTaskList
                0x200002b4        0x4 ./FreeRTOS/tasks.o
 .bss.xPendingReadyList
                0x200002b8       0x14 ./FreeRTOS/tasks.o
 .bss.xTasksWaitingTermination
                0x200002cc       0x14 ./FreeRTOS/tasks.o
 .bss.uxDeletedTasksWaitingCleanUp
                0x200002e0        0x4 ./FreeRTOS/tasks.o
 .bss.xSuspendedTaskList
                0x200002e4       0x14 ./FreeRTOS/tasks.o
 .bss.uxCurrentNumberOfTasks
                0x200002f8        0x4 ./FreeRTOS/tasks.o
 .bss.xTickCount
                0x200002fc        0x4 ./FreeRTOS/tasks.o
 .bss.uxTopReadyPriority
                0x20000300        0x4 ./FreeRTOS/tasks.o
 .bss.xSchedulerRunning
                0x20000304        0x4 ./FreeRTOS/tasks.o
 .bss.uxPendedTicks
                0x20000308        0x4 ./FreeRTOS/tasks.o
 .bss.xYieldPending
                0x2000030c        0x4 ./FreeRTOS/tasks.o
 .bss.xNumOfOverflows
                0x20000310        0x4 ./FreeRTOS/tasks.o
 .bss.uxTaskNumber
                0x20000314        0x4 ./FreeRTOS/tasks.o
 .bss.xNextTaskUnblockTime
                0x20000318        0x4 ./FreeRTOS/tasks.o
 .bss.xIdleTaskHandle
                0x2000031c        0x4 ./FreeRTOS/tasks.o
 .bss.uxSchedulerSuspended
                0x20000320        0x4 ./FreeRTOS/tasks.o
 .bss.xActiveTimerList1
                0x20000324       0x14 ./FreeRTOS/timers.o
 .bss.xActiveTimerList2
                0x20000338       0x14 ./FreeRTOS/timers.o
 .bss.pxCurrentTimerList
                0x2000034c        0x4 ./FreeRTOS/timers.o
 .bss.pxOverflowTimerList
                0x20000350        0x4 ./FreeRTOS/timers.o
 .bss.xTimerQueue
                0x20000354        0x4 ./FreeRTOS/timers.o
 .bss.xTimerTaskHandle
                0x20000358        0x4 ./FreeRTOS/timers.o
 .bss.xLastTime.0
                0x2000035c        0x4 ./FreeRTOS/timers.o
 .bss.ucMaxSysCallPriority
                0x20000360        0x1 ./FreeRTOS/portable/ARM_CM4F/port.o
 *fill*         0x20000361        0x3 
 .bss.ulMaxPRIGROUPValue
                0x20000364        0x4 ./FreeRTOS/portable/ARM_CM4F/port.o
 .bss.ucHeap    0x20000368    0x12c00 ./FreeRTOS/portable/MemMang/heap_4.o
 .bss.xStart    0x20012f68        0x8 ./FreeRTOS/portable/MemMang/heap_4.o
 .bss.pxEnd     0x20012f70        0x4 ./FreeRTOS/portable/MemMang/heap_4.o
 .bss.xFreeBytesRemaining
                0x20012f74        0x4 ./FreeRTOS/portable/MemMang/heap_4.o
 .bss.xMinimumEverFreeBytesRemaining
                0x20012f78        0x4 ./FreeRTOS/portable/MemMang/heap_4.o
 .bss.xBlockAllocatedBit
                0x20012f7c        0x4 ./FreeRTOS/portable/MemMang/heap_4.o
 .bss.__sf      0x20012f80      0x138 C:/Users/ainonkaka/STM32CubeIDE_1.17.0/STM32CubeIDE/plugins/com.st.stm32cube.ide.mcu.externaltools.gnu-tools-for-stm32.12.3.rel1.win32_1.1.0.202410251130/tools/bin/../lib/gcc/arm-none-eabi/12.3.1/../../../../arm-none-eabi/lib/thumb/v7e-m+fp/hard\libc_nano.a(libc_a-findfp.o)
                0x20012f80                __sf
 .bss.errno     0x200130b8        0x4 C:/Users/ainonkaka/STM32CubeIDE_1.17.0/STM32CubeIDE/plugins/com.st.stm32cube.ide.mcu.externaltools.gnu-tools-for-stm32.12.3.rel1.win32_1.1.0.202410251130/tools/bin/../lib/gcc/arm-none-eabi/12.3.1/../../../../arm-none-eabi/lib/thumb/v7e-m+fp/hard\libc_nano.a(libc_a-reent.o)
                0x200130b8                errno
 .bss.__lock___malloc_recursive_mutex
                0x200130bc        0x1 C:/Users/ainonkaka/STM32CubeIDE_1.17.0/STM32CubeIDE/plugins/com.st.stm32cube.ide.mcu.externaltools.gnu-tools-for-stm32.12.3.rel1.win32_1.1.0.202410251130/tools/bin/../lib/gcc/arm-none-eabi/12.3.1/../../../../arm-none-eabi/lib/thumb/v7e-m+fp/hard\libc_nano.a(libc_a-lock.o)
                0x200130bc                __lock___malloc_recursive_mutex
 *fill*         0x200130bd        0x3 
 .bss.__malloc_sbrk_start
                0x200130c0        0x4 C:/Users/ainonkaka/STM32CubeIDE_1.17.0/STM32CubeIDE/plugins/com.st.stm32cube.ide.mcu.externaltools.gnu-tools-for-stm32.12.3.rel1.win32_1.1.0.202410251130/tools/bin/../lib/gcc/arm-none-eabi/12.3.1/../../../../arm-none-eabi/lib/thumb/v7e-m+fp/hard\libc_nano.a(libc_a-mallocr.o)
                0x200130c0                __malloc_sbrk_start
 .bss.__malloc_free_list
                0x200130c4        0x4 C:/Users/ainonkaka/STM32CubeIDE_1.17.0/STM32CubeIDE/plugins/com.st.stm32cube.ide.mcu.externaltools.gnu-tools-for-stm32.12.3.rel1.win32_1.1.0.202410251130/tools/bin/../lib/gcc/arm-none-eabi/12.3.1/../../../../arm-none-eabi/lib/thumb/v7e-m+fp/hard\libc_nano.a(libc_a-mallocr.o)
                0x200130c4                __malloc_free_list
 *(COMMON)
                0x200130c8                        . = ALIGN (0x4)
                0x200130c8                        _ebss = .
                0x200130c8                        __bss_end__ = _ebss

._user_heap_stack
                0x200130c8      0x600
                0x200130c8                        . = ALIGN (0x8)
                [!provide]                        PROVIDE (end = .)
                0x200130c8                        PROVIDE (_end = .)
                0x200132c8                        . = (. + _Min_Heap_Size)
 *fill*         0x200130c8      0x200 
                0x200136c8                        . = (. + _Min_Stack_Size)
 *fill*         0x200132c8      0x400 
                0x200136c8                        . = ALIGN (0x8)

/DISCARD/
 libc.a(*)
 libm.a(*)
 libgcc.a(*)

.ARM.attributes
                0x00000000       0x30
 *(.ARM.attributes)
 .ARM.attributes
                0x00000000       0x22 C:/Users/ainonkaka/STM32CubeIDE_1.17.0/STM32CubeIDE/plugins/com.st.stm32cube.ide.mcu.externaltools.gnu-tools-for-stm32.12.3.rel1.win32_1.1.0.202410251130/tools/bin/../lib/gcc/arm-none-eabi/12.3.1/thumb/v7e-m+fp/hard/crti.o
 .ARM.attributes
                0x00000022       0x34 C:/Users/ainonkaka/STM32CubeIDE_1.17.0/STM32CubeIDE/plugins/com.st.stm32cube.ide.mcu.externaltools.gnu-tools-for-stm32.12.3.rel1.win32_1.1.0.202410251130/tools/bin/../lib/gcc/arm-none-eabi/12.3.1/thumb/v7e-m+fp/hard/crtbegin.o
 .ARM.attributes
                0x00000056       0x34 ./Core/Src/dht11.o
 .ARM.attributes
                0x0000008a       0x34 ./Core/Src/liquidcrystal_i2c.o
 .ARM.attributes
                0x000000be       0x34 ./Core/Src/main.o
 .ARM.attributes
                0x000000f2       0x34 ./Core/Src/stm32f4xx_hal_msp.o
 .ARM.attributes
                0x00000126       0x34 ./Core/Src/stm32f4xx_hal_timebase_tim.o
 .ARM.attributes
                0x0000015a       0x34 ./Core/Src/stm32f4xx_it.o
 .ARM.attributes
                0x0000018e       0x34 ./Core/Src/sysmem.o
 .ARM.attributes
                0x000001c2       0x34 ./Core/Src/system_stm32f4xx.o
 .ARM.attributes
                0x000001f6       0x21 ./Core/Startup/startup_stm32f407vgtx.o
 .ARM.attributes
                0x00000217       0x34 ./Drivers/STM32F4xx_HAL_Driver/Src/stm32f4xx_hal.o
 .ARM.attributes
                0x0000024b       0x34 ./Drivers/STM32F4xx_HAL_Driver/Src/stm32f4xx_hal_cortex.o
 .ARM.attributes
                0x0000027f       0x34 ./Drivers/STM32F4xx_HAL_Driver/Src/stm32f4xx_hal_gpio.o
 .ARM.attributes
                0x000002b3       0x34 ./Drivers/STM32F4xx_HAL_Driver/Src/stm32f4xx_hal_i2c.o
 .ARM.attributes
                0x000002e7       0x34 ./Drivers/STM32F4xx_HAL_Driver/Src/stm32f4xx_hal_rcc.o
 .ARM.attributes
                0x0000031b       0x34 ./Drivers/STM32F4xx_HAL_Driver/Src/stm32f4xx_hal_tim.o
 .ARM.attributes
                0x0000034f       0x34 ./Drivers/STM32F4xx_HAL_Driver/Src/stm32f4xx_hal_tim_ex.o
 .ARM.attributes
                0x00000383       0x34 ./Drivers/STM32F4xx_HAL_Driver/Src/stm32f4xx_hal_uart.o
 .ARM.attributes
                0x000003b7       0x34 ./FreeRTOS/list.o
 .ARM.attributes
                0x000003eb       0x34 ./FreeRTOS/queue.o
 .ARM.attributes
                0x0000041f       0x34 ./FreeRTOS/tasks.o
 .ARM.attributes
                0x00000453       0x34 ./FreeRTOS/timers.o
 .ARM.attributes
                0x00000487       0x34 ./FreeRTOS/portable/ARM_CM4F/port.o
 .ARM.attributes
                0x000004bb       0x34 ./FreeRTOS/portable/MemMang/heap_4.o
 .ARM.attributes
                0x000004ef       0x34 C:/Users/ainonkaka/STM32CubeIDE_1.17.0/STM32CubeIDE/plugins/com.st.stm32cube.ide.mcu.externaltools.gnu-tools-for-stm32.12.3.rel1.win32_1.1.0.202410251130/tools/bin/../lib/gcc/arm-none-eabi/12.3.1/../../../../arm-none-eabi/lib/thumb/v7e-m+fp/hard\libc_nano.a(libc_a-findfp.o)
 .ARM.attributes
                0x00000523       0x34 C:/Users/ainonkaka/STM32CubeIDE_1.17.0/STM32CubeIDE/plugins/com.st.stm32cube.ide.mcu.externaltools.gnu-tools-for-stm32.12.3.rel1.win32_1.1.0.202410251130/tools/bin/../lib/gcc/arm-none-eabi/12.3.1/../../../../arm-none-eabi/lib/thumb/v7e-m+fp/hard\libc_nano.a(libc_a-snprintf.o)
 .ARM.attributes
                0x00000557       0x34 C:/Users/ainonkaka/STM32CubeIDE_1.17.0/STM32CubeIDE/plugins/com.st.stm32cube.ide.mcu.externaltools.gnu-tools-for-stm32.12.3.rel1.win32_1.1.0.202410251130/tools/bin/../lib/gcc/arm-none-eabi/12.3.1/../../../../arm-none-eabi/lib/thumb/v7e-m+fp/hard\libc_nano.a(libc_a-sprintf.o)
 .ARM.attributes
                0x0000058b       0x34 C:/Users/ainonkaka/STM32CubeIDE_1.17.0/STM32CubeIDE/plugins/com.st.stm32cube.ide.mcu.externaltools.gnu-tools-for-stm32.12.3.rel1.win32_1.1.0.202410251130/tools/bin/../lib/gcc/arm-none-eabi/12.3.1/../../../../arm-none-eabi/lib/thumb/v7e-m+fp/hard\libc_nano.a(libc_a-memset.o)
 .ARM.attributes
                0x000005bf       0x34 C:/Users/ainonkaka/STM32CubeIDE_1.17.0/STM32CubeIDE/plugins/com.st.stm32cube.ide.mcu.externaltools.gnu-tools-for-stm32.12.3.rel1.win32_1.1.0.202410251130/tools/bin/../lib/gcc/arm-none-eabi/12.3.1/../../../../arm-none-eabi/lib/thumb/v7e-m+fp/hard\libc_nano.a(libc_a-reent.o)
 .ARM.attributes
                0x000005f3       0x34 C:/Users/ainonkaka/STM32CubeIDE_1.17.0/STM32CubeIDE/plugins/com.st.stm32cube.ide.mcu.externaltools.gnu-tools-for-stm32.12.3.rel1.win32_1.1.0.202410251130/tools/bin/../lib/gcc/arm-none-eabi/12.3.1/../../../../arm-none-eabi/lib/thumb/v7e-m+fp/hard\libc_nano.a(libc_a-impure.o)
 .ARM.attributes
                0x00000627       0x34 C:/Users/ainonkaka/STM32CubeIDE_1.17.0/STM32CubeIDE/plugins/com.st.stm32cube.ide.mcu.externaltools.gnu-tools-for-stm32.12.3.rel1.win32_1.1.0.202410251130/tools/bin/../lib/gcc/arm-none-eabi/12.3.1/../../../../arm-none-eabi/lib/thumb/v7e-m+fp/hard\libc_nano.a(libc_a-errno.o)
 .ARM.attributes
                0x0000065b       0x34 C:/Users/ainonkaka/STM32CubeIDE_1.17.0/STM32CubeIDE/plugins/com.st.stm32cube.ide.mcu.externaltools.gnu-tools-for-stm32.12.3.rel1.win32_1.1.0.202410251130/tools/bin/../lib/gcc/arm-none-eabi/12.3.1/../../../../arm-none-eabi/lib/thumb/v7e-m+fp/hard\libc_nano.a(libc_a-init.o)
 .ARM.attributes
                0x0000068f       0x34 C:/Users/ainonkaka/STM32CubeIDE_1.17.0/STM32CubeIDE/plugins/com.st.stm32cube.ide.mcu.externaltools.gnu-tools-for-stm32.12.3.rel1.win32_1.1.0.202410251130/tools/bin/../lib/gcc/arm-none-eabi/12.3.1/../../../../arm-none-eabi/lib/thumb/v7e-m+fp/hard\libc_nano.a(libc_a-lock.o)
 .ARM.attributes
                0x000006c3       0x34 C:/Users/ainonkaka/STM32CubeIDE_1.17.0/STM32CubeIDE/plugins/com.st.stm32cube.ide.mcu.externaltools.gnu-tools-for-stm32.12.3.rel1.win32_1.1.0.202410251130/tools/bin/../lib/gcc/arm-none-eabi/12.3.1/../../../../arm-none-eabi/lib/thumb/v7e-m+fp/hard\libc_nano.a(libc_a-memcpy-stub.o)
 .ARM.attributes
                0x000006f7       0x34 C:/Users/ainonkaka/STM32CubeIDE_1.17.0/STM32CubeIDE/plugins/com.st.stm32cube.ide.mcu.externaltools.gnu-tools-for-stm32.12.3.rel1.win32_1.1.0.202410251130/tools/bin/../lib/gcc/arm-none-eabi/12.3.1/../../../../arm-none-eabi/lib/thumb/v7e-m+fp/hard\libc_nano.a(libc_a-freer.o)
 .ARM.attributes
                0x0000072b       0x34 C:/Users/ainonkaka/STM32CubeIDE_1.17.0/STM32CubeIDE/plugins/com.st.stm32cube.ide.mcu.externaltools.gnu-tools-for-stm32.12.3.rel1.win32_1.1.0.202410251130/tools/bin/../lib/gcc/arm-none-eabi/12.3.1/../../../../arm-none-eabi/lib/thumb/v7e-m+fp/hard\libc_nano.a(libc_a-mallocr.o)
 .ARM.attributes
                0x0000075f       0x34 C:/Users/ainonkaka/STM32CubeIDE_1.17.0/STM32CubeIDE/plugins/com.st.stm32cube.ide.mcu.externaltools.gnu-tools-for-stm32.12.3.rel1.win32_1.1.0.202410251130/tools/bin/../lib/gcc/arm-none-eabi/12.3.1/../../../../arm-none-eabi/lib/thumb/v7e-m+fp/hard\libc_nano.a(libc_a-mlock.o)
 .ARM.attributes
                0x00000793       0x34 C:/Users/ainonkaka/STM32CubeIDE_1.17.0/STM32CubeIDE/plugins/com.st.stm32cube.ide.mcu.externaltools.gnu-tools-for-stm32.12.3.rel1.win32_1.1.0.202410251130/tools/bin/../lib/gcc/arm-none-eabi/12.3.1/../../../../arm-none-eabi/lib/thumb/v7e-m+fp/hard\libc_nano.a(libc_a-nano-svfprintf.o)
 .ARM.attributes
                0x000007c7       0x34 C:/Users/ainonkaka/STM32CubeIDE_1.17.0/STM32CubeIDE/plugins/com.st.stm32cube.ide.mcu.externaltools.gnu-tools-for-stm32.12.3.rel1.win32_1.1.0.202410251130/tools/bin/../lib/gcc/arm-none-eabi/12.3.1/../../../../arm-none-eabi/lib/thumb/v7e-m+fp/hard\libc_nano.a(libc_a-nano-vfprintf_i.o)
 .ARM.attributes
                0x000007fb       0x34 C:/Users/ainonkaka/STM32CubeIDE_1.17.0/STM32CubeIDE/plugins/com.st.stm32cube.ide.mcu.externaltools.gnu-tools-for-stm32.12.3.rel1.win32_1.1.0.202410251130/tools/bin/../lib/gcc/arm-none-eabi/12.3.1/../../../../arm-none-eabi/lib/thumb/v7e-m+fp/hard\libc_nano.a(libc_a-memmove.o)
 .ARM.attributes
                0x0000082f       0x34 C:/Users/ainonkaka/STM32CubeIDE_1.17.0/STM32CubeIDE/plugins/com.st.stm32cube.ide.mcu.externaltools.gnu-tools-for-stm32.12.3.rel1.win32_1.1.0.202410251130/tools/bin/../lib/gcc/arm-none-eabi/12.3.1/../../../../arm-none-eabi/lib/thumb/v7e-m+fp/hard\libc_nano.a(libc_a-sbrkr.o)
 .ARM.attributes
                0x00000863       0x1c C:/Users/ainonkaka/STM32CubeIDE_1.17.0/STM32CubeIDE/plugins/com.st.stm32cube.ide.mcu.externaltools.gnu-tools-for-stm32.12.3.rel1.win32_1.1.0.202410251130/tools/bin/../lib/gcc/arm-none-eabi/12.3.1/../../../../arm-none-eabi/lib/thumb/v7e-m+fp/hard\libc_nano.a(libc_a-memchr.o)
 .ARM.attributes
                0x0000087f       0x34 C:/Users/ainonkaka/STM32CubeIDE_1.17.0/STM32CubeIDE/plugins/com.st.stm32cube.ide.mcu.externaltools.gnu-tools-for-stm32.12.3.rel1.win32_1.1.0.202410251130/tools/bin/../lib/gcc/arm-none-eabi/12.3.1/../../../../arm-none-eabi/lib/thumb/v7e-m+fp/hard\libc_nano.a(libc_a-reallocr.o)
 .ARM.attributes
                0x000008b3       0x34 C:/Users/ainonkaka/STM32CubeIDE_1.17.0/STM32CubeIDE/plugins/com.st.stm32cube.ide.mcu.externaltools.gnu-tools-for-stm32.12.3.rel1.win32_1.1.0.202410251130/tools/bin/../lib/gcc/arm-none-eabi/12.3.1/../../../../arm-none-eabi/lib/thumb/v7e-m+fp/hard\libc_nano.a(libc_a-msizer.o)
 .ARM.attributes
                0x000008e7       0x22 C:/Users/ainonkaka/STM32CubeIDE_1.17.0/STM32CubeIDE/plugins/com.st.stm32cube.ide.mcu.externaltools.gnu-tools-for-stm32.12.3.rel1.win32_1.1.0.202410251130/tools/bin/../lib/gcc/arm-none-eabi/12.3.1/thumb/v7e-m+fp/hard\libgcc.a(_aeabi_uldivmod.o)
 .ARM.attributes
                0x00000909       0x34 C:/Users/ainonkaka/STM32CubeIDE_1.17.0/STM32CubeIDE/plugins/com.st.stm32cube.ide.mcu.externaltools.gnu-tools-for-stm32.12.3.rel1.win32_1.1.0.202410251130/tools/bin/../lib/gcc/arm-none-eabi/12.3.1/thumb/v7e-m+fp/hard\libgcc.a(_udivmoddi4.o)
 .ARM.attributes
                0x0000093d       0x22 C:/Users/ainonkaka/STM32CubeIDE_1.17.0/STM32CubeIDE/plugins/com.st.stm32cube.ide.mcu.externaltools.gnu-tools-for-stm32.12.3.rel1.win32_1.1.0.202410251130/tools/bin/../lib/gcc/arm-none-eabi/12.3.1/thumb/v7e-m+fp/hard\libgcc.a(_dvmd_tls.o)
 .ARM.attributes
                0x0000095f       0x22 C:/Users/ainonkaka/STM32CubeIDE_1.17.0/STM32CubeIDE/plugins/com.st.stm32cube.ide.mcu.externaltools.gnu-tools-for-stm32.12.3.rel1.win32_1.1.0.202410251130/tools/bin/../lib/gcc/arm-none-eabi/12.3.1/thumb/v7e-m+fp/hard/crtn.o
OUTPUT(DHT11.elf elf32-littlearm)
LOAD linker stubs
LOAD C:/Users/ainonkaka/STM32CubeIDE_1.17.0/STM32CubeIDE/plugins/com.st.stm32cube.ide.mcu.externaltools.gnu-tools-for-stm32.12.3.rel1.win32_1.1.0.202410251130/tools/bin/../lib/gcc/arm-none-eabi/12.3.1/../../../../arm-none-eabi/lib/thumb/v7e-m+fp/hard\libc.a
LOAD C:/Users/ainonkaka/STM32CubeIDE_1.17.0/STM32CubeIDE/plugins/com.st.stm32cube.ide.mcu.externaltools.gnu-tools-for-stm32.12.3.rel1.win32_1.1.0.202410251130/tools/bin/../lib/gcc/arm-none-eabi/12.3.1/../../../../arm-none-eabi/lib/thumb/v7e-m+fp/hard\libm.a
LOAD C:/Users/ainonkaka/STM32CubeIDE_1.17.0/STM32CubeIDE/plugins/com.st.stm32cube.ide.mcu.externaltools.gnu-tools-for-stm32.12.3.rel1.win32_1.1.0.202410251130/tools/bin/../lib/gcc/arm-none-eabi/12.3.1/thumb/v7e-m+fp/hard\libgcc.a

.debug_info     0x00000000    0x15e05
 .debug_info    0x00000000      0x9a6 ./Core/Src/dht11.o
 .debug_info    0x000009a6      0xc64 ./Core/Src/liquidcrystal_i2c.o
 .debug_info    0x0000160a     0x17e7 ./Core/Src/main.o
 .debug_info    0x00002df1      0xfd2 ./Core/Src/stm32f4xx_hal_msp.o
 .debug_info    0x00003dc3      0xbee ./Core/Src/stm32f4xx_hal_timebase_tim.o
 .debug_info    0x000049b1      0x6ab ./Core/Src/stm32f4xx_it.o
 .debug_info    0x0000505c      0x168 ./Core/Src/sysmem.o
 .debug_info    0x000051c4      0x512 ./Core/Src/system_stm32f4xx.o
 .debug_info    0x000056d6       0x30 ./Core/Startup/startup_stm32f407vgtx.o
 .debug_info    0x00005706      0x944 ./Drivers/STM32F4xx_HAL_Driver/Src/stm32f4xx_hal.o
 .debug_info    0x0000604a      0xd8c ./Drivers/STM32F4xx_HAL_Driver/Src/stm32f4xx_hal_cortex.o
 .debug_info    0x00006dd6      0x6c3 ./Drivers/STM32F4xx_HAL_Driver/Src/stm32f4xx_hal_gpio.o
 .debug_info    0x00007499     0x2415 ./Drivers/STM32F4xx_HAL_Driver/Src/stm32f4xx_hal_i2c.o
 .debug_info    0x000098ae      0x8c3 ./Drivers/STM32F4xx_HAL_Driver/Src/stm32f4xx_hal_rcc.o
 .debug_info    0x0000a171     0x299d ./Drivers/STM32F4xx_HAL_Driver/Src/stm32f4xx_hal_tim.o
 .debug_info    0x0000cb0e     0x14db ./Drivers/STM32F4xx_HAL_Driver/Src/stm32f4xx_hal_tim_ex.o
 .debug_info    0x0000dfe9     0x2f4f ./Drivers/STM32F4xx_HAL_Driver/Src/stm32f4xx_hal_uart.o
 .debug_info    0x00010f38      0x2af ./FreeRTOS/list.o
 .debug_info    0x000111e7     0x1740 ./FreeRTOS/queue.o
 .debug_info    0x00012927     0x1e4f ./FreeRTOS/tasks.o
 .debug_info    0x00014776      0xdec ./FreeRTOS/timers.o
 .debug_info    0x00015562      0x4de ./FreeRTOS/portable/ARM_CM4F/port.o
 .debug_info    0x00015a40      0x3c5 ./FreeRTOS/portable/MemMang/heap_4.o

.debug_abbrev   0x00000000     0x32f7
 .debug_abbrev  0x00000000      0x218 ./Core/Src/dht11.o
 .debug_abbrev  0x00000218      0x2cb ./Core/Src/liquidcrystal_i2c.o
 .debug_abbrev  0x000004e3      0x357 ./Core/Src/main.o
 .debug_abbrev  0x0000083a      0x1dc ./Core/Src/stm32f4xx_hal_msp.o
 .debug_abbrev  0x00000a16      0x1f4 ./Core/Src/stm32f4xx_hal_timebase_tim.o
 .debug_abbrev  0x00000c0a      0x17d ./Core/Src/stm32f4xx_it.o
 .debug_abbrev  0x00000d87       0xbc ./Core/Src/sysmem.o
 .debug_abbrev  0x00000e43      0x11a ./Core/Src/system_stm32f4xx.o
 .debug_abbrev  0x00000f5d       0x24 ./Core/Startup/startup_stm32f407vgtx.o
 .debug_abbrev  0x00000f81      0x214 ./Drivers/STM32F4xx_HAL_Driver/Src/stm32f4xx_hal.o
 .debug_abbrev  0x00001195      0x31d ./Drivers/STM32F4xx_HAL_Driver/Src/stm32f4xx_hal_cortex.o
 .debug_abbrev  0x000014b2      0x1d4 ./Drivers/STM32F4xx_HAL_Driver/Src/stm32f4xx_hal_gpio.o
 .debug_abbrev  0x00001686      0x2ad ./Drivers/STM32F4xx_HAL_Driver/Src/stm32f4xx_hal_i2c.o
 .debug_abbrev  0x00001933      0x2b7 ./Drivers/STM32F4xx_HAL_Driver/Src/stm32f4xx_hal_rcc.o
 .debug_abbrev  0x00001bea      0x278 ./Drivers/STM32F4xx_HAL_Driver/Src/stm32f4xx_hal_tim.o
 .debug_abbrev  0x00001e62      0x283 ./Drivers/STM32F4xx_HAL_Driver/Src/stm32f4xx_hal_tim_ex.o
 .debug_abbrev  0x000020e5      0x30e ./Drivers/STM32F4xx_HAL_Driver/Src/stm32f4xx_hal_uart.o
 .debug_abbrev  0x000023f3       0xf5 ./FreeRTOS/list.o
 .debug_abbrev  0x000024e8      0x352 ./FreeRTOS/queue.o
 .debug_abbrev  0x0000283a      0x37e ./FreeRTOS/tasks.o
 .debug_abbrev  0x00002bb8      0x2de ./FreeRTOS/timers.o
 .debug_abbrev  0x00002e96      0x25c ./FreeRTOS/portable/ARM_CM4F/port.o
 .debug_abbrev  0x000030f2      0x205 ./FreeRTOS/portable/MemMang/heap_4.o

.debug_aranges  0x00000000     0x14f8
 .debug_aranges
                0x00000000       0x50 ./Core/Src/dht11.o
 .debug_aranges
                0x00000050      0x110 ./Core/Src/liquidcrystal_i2c.o
 .debug_aranges
                0x00000160       0x78 ./Core/Src/main.o
 .debug_aranges
                0x000001d8       0x50 ./Core/Src/stm32f4xx_hal_msp.o
 .debug_aranges
                0x00000228       0x30 ./Core/Src/stm32f4xx_hal_timebase_tim.o
 .debug_aranges
                0x00000258       0x50 ./Core/Src/stm32f4xx_it.o
 .debug_aranges
                0x000002a8       0x20 ./Core/Src/sysmem.o
 .debug_aranges
                0x000002c8       0x28 ./Core/Src/system_stm32f4xx.o
 .debug_aranges
                0x000002f0       0x28 ./Core/Startup/startup_stm32f407vgtx.o
 .debug_aranges
                0x00000318       0xf0 ./Drivers/STM32F4xx_HAL_Driver/Src/stm32f4xx_hal.o
 .debug_aranges
                0x00000408      0x130 ./Drivers/STM32F4xx_HAL_Driver/Src/stm32f4xx_hal_cortex.o
 .debug_aranges
                0x00000538       0x58 ./Drivers/STM32F4xx_HAL_Driver/Src/stm32f4xx_hal_gpio.o
 .debug_aranges
                0x00000590      0x2a8 ./Drivers/STM32F4xx_HAL_Driver/Src/stm32f4xx_hal_i2c.o
 .debug_aranges
                0x00000838       0x88 ./Drivers/STM32F4xx_HAL_Driver/Src/stm32f4xx_hal_rcc.o
 .debug_aranges
                0x000008c0      0x3d0 ./Drivers/STM32F4xx_HAL_Driver/Src/stm32f4xx_hal_tim.o
 .debug_aranges
                0x00000c90      0x168 ./Drivers/STM32F4xx_HAL_Driver/Src/stm32f4xx_hal_tim_ex.o
 .debug_aranges
                0x00000df8      0x208 ./Drivers/STM32F4xx_HAL_Driver/Src/stm32f4xx_hal_uart.o
 .debug_aranges
                0x00001000       0x40 ./FreeRTOS/list.o
 .debug_aranges
                0x00001040      0x130 ./FreeRTOS/queue.o
 .debug_aranges
                0x00001170      0x1e8 ./FreeRTOS/tasks.o
 .debug_aranges
                0x00001358       0xd0 ./FreeRTOS/timers.o
 .debug_aranges
                0x00001428       0x80 ./FreeRTOS/portable/ARM_CM4F/port.o
 .debug_aranges
                0x000014a8       0x50 ./FreeRTOS/portable/MemMang/heap_4.o

.debug_rnglists
                0x00000000     0x106e
 .debug_rnglists
                0x00000000       0x39 ./Core/Src/dht11.o
 .debug_rnglists
                0x00000039       0xc8 ./Core/Src/liquidcrystal_i2c.o
 .debug_rnglists
                0x00000101       0x5b ./Core/Src/main.o
 .debug_rnglists
                0x0000015c       0x39 ./Core/Src/stm32f4xx_hal_msp.o
 .debug_rnglists
                0x00000195       0x20 ./Core/Src/stm32f4xx_hal_timebase_tim.o
 .debug_rnglists
                0x000001b5       0x37 ./Core/Src/stm32f4xx_it.o
 .debug_rnglists
                0x000001ec       0x13 ./Core/Src/sysmem.o
 .debug_rnglists
                0x000001ff       0x1a ./Core/Src/system_stm32f4xx.o
 .debug_rnglists
                0x00000219       0x19 ./Core/Startup/startup_stm32f407vgtx.o
 .debug_rnglists
                0x00000232       0xaf ./Drivers/STM32F4xx_HAL_Driver/Src/stm32f4xx_hal.o
 .debug_rnglists
                0x000002e1       0xe0 ./Drivers/STM32F4xx_HAL_Driver/Src/stm32f4xx_hal_cortex.o
 .debug_rnglists
                0x000003c1       0x3f ./Drivers/STM32F4xx_HAL_Driver/Src/stm32f4xx_hal_gpio.o
 .debug_rnglists
                0x00000400      0x23c ./Drivers/STM32F4xx_HAL_Driver/Src/stm32f4xx_hal_i2c.o
 .debug_rnglists
                0x0000063c       0x66 ./Drivers/STM32F4xx_HAL_Driver/Src/stm32f4xx_hal_rcc.o
 .debug_rnglists
                0x000006a2      0x31a ./Drivers/STM32F4xx_HAL_Driver/Src/stm32f4xx_hal_tim.o
 .debug_rnglists
                0x000009bc      0x125 ./Drivers/STM32F4xx_HAL_Driver/Src/stm32f4xx_hal_tim_ex.o
 .debug_rnglists
                0x00000ae1      0x1bc ./Drivers/STM32F4xx_HAL_Driver/Src/stm32f4xx_hal_uart.o
 .debug_rnglists
                0x00000c9d       0x2b ./FreeRTOS/list.o
 .debug_rnglists
                0x00000cc8       0xea ./FreeRTOS/queue.o
 .debug_rnglists
                0x00000db2      0x187 ./FreeRTOS/tasks.o
 .debug_rnglists
                0x00000f39       0x9d ./FreeRTOS/timers.o
 .debug_rnglists
                0x00000fd6       0x5d ./FreeRTOS/portable/ARM_CM4F/port.o
 .debug_rnglists
                0x00001033       0x3b ./FreeRTOS/portable/MemMang/heap_4.o

.debug_macro    0x00000000    0x232a6
 .debug_macro   0x00000000      0x1f7 ./Core/Src/dht11.o
 .debug_macro   0x000001f7      0xab4 ./Core/Src/dht11.o
 .debug_macro   0x00000cab      0x2a1 ./Core/Src/dht11.o
 .debug_macro   0x00000f4c       0x2e ./Core/Src/dht11.o
 .debug_macro   0x00000f7a       0x2f ./Core/Src/dht11.o
 .debug_macro   0x00000fa9       0x22 ./Core/Src/dht11.o
 .debug_macro   0x00000fcb       0x8e ./Core/Src/dht11.o
 .debug_macro   0x00001059       0x51 ./Core/Src/dht11.o
 .debug_macro   0x000010aa      0x103 ./Core/Src/dht11.o
 .debug_macro   0x000011ad       0x6a ./Core/Src/dht11.o
 .debug_macro   0x00001217      0x1df ./Core/Src/dht11.o
 .debug_macro   0x000013f6       0x1c ./Core/Src/dht11.o
 .debug_macro   0x00001412       0x22 ./Core/Src/dht11.o
 .debug_macro   0x00001434       0xfb ./Core/Src/dht11.o
 .debug_macro   0x0000152f     0x1011 ./Core/Src/dht11.o
 .debug_macro   0x00002540      0x11f ./Core/Src/dht11.o
 .debug_macro   0x0000265f    0x15ea5 ./Core/Src/dht11.o
 .debug_macro   0x00018504       0x6d ./Core/Src/dht11.o
 .debug_macro   0x00018571     0x3693 ./Core/Src/dht11.o
 .debug_macro   0x0001bc04      0x189 ./Core/Src/dht11.o
 .debug_macro   0x0001bd8d       0x5c ./Core/Src/dht11.o
 .debug_macro   0x0001bde9      0x980 ./Core/Src/dht11.o
 .debug_macro   0x0001c769      0x9e9 ./Core/Src/dht11.o
 .debug_macro   0x0001d152      0x115 ./Core/Src/dht11.o
 .debug_macro   0x0001d267      0x13e ./Core/Src/dht11.o
 .debug_macro   0x0001d3a5       0xa5 ./Core/Src/dht11.o
 .debug_macro   0x0001d44a      0x174 ./Core/Src/dht11.o
 .debug_macro   0x0001d5be      0x287 ./Core/Src/dht11.o
 .debug_macro   0x0001d845       0x5f ./Core/Src/dht11.o
 .debug_macro   0x0001d8a4      0x236 ./Core/Src/dht11.o
 .debug_macro   0x0001dada      0x12c ./Core/Src/dht11.o
 .debug_macro   0x0001dc06      0x21e ./Core/Src/dht11.o
 .debug_macro   0x0001de24       0x2e ./Core/Src/dht11.o
 .debug_macro   0x0001de52      0x1b5 ./Core/Src/dht11.o
 .debug_macro   0x0001e007       0xd6 ./Core/Src/dht11.o
 .debug_macro   0x0001e0dd      0x127 ./Core/Src/dht11.o
 .debug_macro   0x0001e204       0x7e ./Core/Src/dht11.o
 .debug_macro   0x0001e282       0x89 ./Core/Src/dht11.o
 .debug_macro   0x0001e30b      0x8ed ./Core/Src/dht11.o
 .debug_macro   0x0001ebf8       0x4d ./Core/Src/dht11.o
 .debug_macro   0x0001ec45      0x2aa ./Core/Src/dht11.o
 .debug_macro   0x0001eeef      0x12d ./Core/Src/dht11.o
 .debug_macro   0x0001f01c       0x1c ./Core/Src/dht11.o
 .debug_macro   0x0001f038      0x1f7 ./Core/Src/liquidcrystal_i2c.o
 .debug_macro   0x0001f22f       0xd0 ./Core/Src/liquidcrystal_i2c.o
 .debug_macro   0x0001f2ff      0x36b ./Core/Src/main.o
 .debug_macro   0x0001f66a       0x10 ./Core/Src/main.o
 .debug_macro   0x0001f67a       0x61 ./Core/Src/main.o
 .debug_macro   0x0001f6db       0x2a ./Core/Src/main.o
 .debug_macro   0x0001f705       0x43 ./Core/Src/main.o
 .debug_macro   0x0001f748       0x34 ./Core/Src/main.o
 .debug_macro   0x0001f77c       0x16 ./Core/Src/main.o
 .debug_macro   0x0001f792       0x35 ./Core/Src/main.o
 .debug_macro   0x0001f7c7      0x369 ./Core/Src/main.o
 .debug_macro   0x0001fb30       0x10 ./Core/Src/main.o
 .debug_macro   0x0001fb40       0x16 ./Core/Src/main.o
 .debug_macro   0x0001fb56       0x43 ./Core/Src/main.o
 .debug_macro   0x0001fb99       0x34 ./Core/Src/main.o
 .debug_macro   0x0001fbcd       0x10 ./Core/Src/main.o
 .debug_macro   0x0001fbdd       0x58 ./Core/Src/main.o
 .debug_macro   0x0001fc35       0x8e ./Core/Src/main.o
 .debug_macro   0x0001fcc3       0x1c ./Core/Src/main.o
 .debug_macro   0x0001fcdf      0x177 ./Core/Src/main.o
 .debug_macro   0x0001fe56       0x16 ./Core/Src/main.o
 .debug_macro   0x0001fe6c       0x16 ./Core/Src/main.o
 .debug_macro   0x0001fe82      0x146 ./Core/Src/main.o
 .debug_macro   0x0001ffc8       0xd6 ./Core/Src/main.o
 .debug_macro   0x0002009e       0x22 ./Core/Src/main.o
 .debug_macro   0x000200c0      0x106 ./Core/Src/main.o
 .debug_macro   0x000201c6      0x15a ./Core/Src/main.o
 .debug_macro   0x00020320       0xe4 ./Core/Src/main.o
 .debug_macro   0x00020404       0x1c ./Core/Src/main.o
 .debug_macro   0x00020420       0x26 ./Core/Src/main.o
 .debug_macro   0x00020446      0x4d3 ./Core/Src/main.o
 .debug_macro   0x00020919       0xb5 ./Core/Src/main.o
 .debug_macro   0x000209ce       0xaa ./Core/Src/main.o
 .debug_macro   0x00020a78       0x80 ./Core/Src/main.o
 .debug_macro   0x00020af8       0x7e ./Core/Src/main.o
 .debug_macro   0x00020b76      0x1f7 ./Core/Src/stm32f4xx_hal_msp.o
 .debug_macro   0x00020d6d      0x1e8 ./Core/Src/stm32f4xx_hal_timebase_tim.o
 .debug_macro   0x00020f55      0x201 ./Core/Src/stm32f4xx_it.o
 .debug_macro   0x00021156       0xff ./Core/Src/sysmem.o
 .debug_macro   0x00021255      0x23c ./Core/Src/sysmem.o
 .debug_macro   0x00021491      0x1e8 ./Core/Src/system_stm32f4xx.o
 .debug_macro   0x00021679      0x248 ./Drivers/STM32F4xx_HAL_Driver/Src/stm32f4xx_hal.o
 .debug_macro   0x000218c1      0x1e8 ./Drivers/STM32F4xx_HAL_Driver/Src/stm32f4xx_hal_cortex.o
 .debug_macro   0x00021aa9      0x1ee ./Drivers/STM32F4xx_HAL_Driver/Src/stm32f4xx_hal_gpio.o
 .debug_macro   0x00021c97      0x236 ./Drivers/STM32F4xx_HAL_Driver/Src/stm32f4xx_hal_i2c.o
 .debug_macro   0x00021ecd      0x20c ./Drivers/STM32F4xx_HAL_Driver/Src/stm32f4xx_hal_rcc.o
 .debug_macro   0x000220d9      0x1e9 ./Drivers/STM32F4xx_HAL_Driver/Src/stm32f4xx_hal_tim.o
 .debug_macro   0x000222c2      0x1e8 ./Drivers/STM32F4xx_HAL_Driver/Src/stm32f4xx_hal_tim_ex.o
 .debug_macro   0x000224aa      0x1e9 ./Drivers/STM32F4xx_HAL_Driver/Src/stm32f4xx_hal_uart.o
 .debug_macro   0x00022693      0x187 ./FreeRTOS/list.o
 .debug_macro   0x0002281a      0x216 ./FreeRTOS/queue.o
 .debug_macro   0x00022a30       0x16 ./FreeRTOS/queue.o
 .debug_macro   0x00022a46       0x20 ./FreeRTOS/queue.o
 .debug_macro   0x00022a66      0x279 ./FreeRTOS/tasks.o
 .debug_macro   0x00022cdf       0x10 ./FreeRTOS/tasks.o
 .debug_macro   0x00022cef      0x1dc ./FreeRTOS/timers.o
 .debug_macro   0x00022ecb       0x97 ./FreeRTOS/timers.o
 .debug_macro   0x00022f62      0x196 ./FreeRTOS/portable/ARM_CM4F/port.o
 .debug_macro   0x000230f8      0x1ae ./FreeRTOS/portable/MemMang/heap_4.o

.debug_line     0x00000000    0x18f3b
 .debug_line    0x00000000      0x90f ./Core/Src/dht11.o
 .debug_line    0x0000090f      0xb6a ./Core/Src/liquidcrystal_i2c.o
 .debug_line    0x00001479      0xdf9 ./Core/Src/main.o
 .debug_line    0x00002272      0x84e ./Core/Src/stm32f4xx_hal_msp.o
 .debug_line    0x00002ac0      0x7f7 ./Core/Src/stm32f4xx_hal_timebase_tim.o
 .debug_line    0x000032b7      0x818 ./Core/Src/stm32f4xx_it.o
 .debug_line    0x00003acf      0x678 ./Core/Src/sysmem.o
 .debug_line    0x00004147      0x7f1 ./Core/Src/system_stm32f4xx.o
 .debug_line    0x00004938       0x7a ./Core/Startup/startup_stm32f407vgtx.o
 .debug_line    0x000049b2      0xa69 ./Drivers/STM32F4xx_HAL_Driver/Src/stm32f4xx_hal.o
 .debug_line    0x0000541b      0xd5b ./Drivers/STM32F4xx_HAL_Driver/Src/stm32f4xx_hal_cortex.o
 .debug_line    0x00006176      0xbf5 ./Drivers/STM32F4xx_HAL_Driver/Src/stm32f4xx_hal_gpio.o
 .debug_line    0x00006d6b     0x3baa ./Drivers/STM32F4xx_HAL_Driver/Src/stm32f4xx_hal_i2c.o
 .debug_line    0x0000a915      0xdf4 ./Drivers/STM32F4xx_HAL_Driver/Src/stm32f4xx_hal_rcc.o
 .debug_line    0x0000b709     0x3805 ./Drivers/STM32F4xx_HAL_Driver/Src/stm32f4xx_hal_tim.o
 .debug_line    0x0000ef0e     0x1a5f ./Drivers/STM32F4xx_HAL_Driver/Src/stm32f4xx_hal_tim_ex.o
 .debug_line    0x0001096d     0x296c ./Drivers/STM32F4xx_HAL_Driver/Src/stm32f4xx_hal_uart.o
 .debug_line    0x000132d9      0x886 ./FreeRTOS/list.o
 .debug_line    0x00013b5f     0x1696 ./FreeRTOS/queue.o
 .debug_line    0x000151f5     0x1cc8 ./FreeRTOS/tasks.o
 .debug_line    0x00016ebd      0xdc6 ./FreeRTOS/timers.o
 .debug_line    0x00017c83      0x86d ./FreeRTOS/portable/ARM_CM4F/port.o
 .debug_line    0x000184f0      0xa4b ./FreeRTOS/portable/MemMang/heap_4.o

.debug_str      0x00000000    0xd5eca
 .debug_str     0x00000000    0xc5ae4 ./Core/Src/dht11.o
                              0xc5e35 (size before relaxing)
 .debug_str     0x000c5ae4      0x8f8 ./Core/Src/liquidcrystal_i2c.o
                              0xc6281 (size before relaxing)
 .debug_str     0x000c63dc     0x8a18 ./Core/Src/main.o
                              0xcee09 (size before relaxing)
 .debug_str     0x000cedf4       0xc3 ./Core/Src/stm32f4xx_hal_msp.o
                              0xc62f5 (size before relaxing)
 .debug_str     0x000ceeb7      0x5f8 ./Core/Src/stm32f4xx_hal_timebase_tim.o
                              0xc63aa (size before relaxing)
 .debug_str     0x000cf4af       0xb5 ./Core/Src/stm32f4xx_it.o
                              0xc5ce0 (size before relaxing)
 .debug_str     0x000cf564      0x35c ./Core/Src/sysmem.o
                               0x60ce (size before relaxing)
 .debug_str     0x000cf8c0       0xcb ./Core/Src/system_stm32f4xx.o
                              0xc58b3 (size before relaxing)
 .debug_str     0x000cf98b       0x44 ./Core/Startup/startup_stm32f407vgtx.o
                                 0x81 (size before relaxing)
 .debug_str     0x000cf9cf      0x5c4 ./Drivers/STM32F4xx_HAL_Driver/Src/stm32f4xx_hal.o
                              0xc6437 (size before relaxing)
 .debug_str     0x000cff93      0x37f ./Drivers/STM32F4xx_HAL_Driver/Src/stm32f4xx_hal_cortex.o
                              0xc61b3 (size before relaxing)
 .debug_str     0x000d0312       0xfc ./Drivers/STM32F4xx_HAL_Driver/Src/stm32f4xx_hal_gpio.o
                              0xc5a2e (size before relaxing)
 .debug_str     0x000d040e      0xb23 ./Drivers/STM32F4xx_HAL_Driver/Src/stm32f4xx_hal_i2c.o
                              0xc68d1 (size before relaxing)
 .debug_str     0x000d0f31      0x1f2 ./Drivers/STM32F4xx_HAL_Driver/Src/stm32f4xx_hal_rcc.o
                              0xc5ce7 (size before relaxing)
 .debug_str     0x000d1123      0xe12 ./Drivers/STM32F4xx_HAL_Driver/Src/stm32f4xx_hal_tim.o
                              0xc6c3d (size before relaxing)
 .debug_str     0x000d1f35      0x493 ./Drivers/STM32F4xx_HAL_Driver/Src/stm32f4xx_hal_tim_ex.o
                              0xc6449 (size before relaxing)
 .debug_str     0x000d23c8      0x5fd ./Drivers/STM32F4xx_HAL_Driver/Src/stm32f4xx_hal_uart.o
                              0xc62c8 (size before relaxing)
 .debug_str     0x000d29c5      0x211 ./FreeRTOS/list.o
                               0xaaec (size before relaxing)
 .debug_str     0x000d2bd6      0xabc ./FreeRTOS/queue.o
                               0xc3b5 (size before relaxing)
 .debug_str     0x000d3692     0x19d6 ./FreeRTOS/tasks.o
                               0xcf8d (size before relaxing)
 .debug_str     0x000d5068      0x4e7 ./FreeRTOS/timers.o
                               0xc766 (size before relaxing)
 .debug_str     0x000d554f      0x760 ./FreeRTOS/portable/ARM_CM4F/port.o
                               0x872d (size before relaxing)
 .debug_str     0x000d5caf      0x21b ./FreeRTOS/portable/MemMang/heap_4.o
                               0xb309 (size before relaxing)

.comment        0x00000000       0x43
 .comment       0x00000000       0x43 ./Core/Src/dht11.o
                                 0x44 (size before relaxing)
 .comment       0x00000043       0x44 ./Core/Src/liquidcrystal_i2c.o
 .comment       0x00000043       0x44 ./Core/Src/main.o
 .comment       0x00000043       0x44 ./Core/Src/stm32f4xx_hal_msp.o