../Core/Src/main.c:77:5:main	424	static
../Core/Src/main.c:168:6:SystemClock_Config	88	static
../Core/Src/main.c:214:13:MX_I2C1_Init	8	static
../Core/Src/main.c:248:13:MX_TIM6_Init	16	static
../Core/Src/main.c:286:13:MX_USART2_UART_Init	8	static
../Core/Src/main.c:319:13:MX_GPIO_Init	48	static
../Core/Src/main.c:356:6:DHT11Task	24	static
../Core/Src/main.c:391:6:LCDTask	64	static
../Core/Src/main.c:417:6:UARTTask	96	static
../Core/Src/main.c:439:6:AlertTask	24	static
../Core/Src/main.c:471:6:HAL_TIM_PeriodElapsedCallback	16	static
../Core/Src/main.c:486:6:Error_Handler	4	static,ignoring_inline_asm
